Component: Arm Compiler for Embedded 6.18 Tool: armlink [5e4cc100]

==============================================================================

Section Cross References

    lcd.o(.ARM.exidx.text.LCD_port_init) refers to lcd.o(.text.LCD_port_init) for [Anonymous Symbol]
    lcd.o(.text.LCD_clear) refers to pll.o(.text.SysTick_Wait_ms) for SysTick_Wait_ms
    lcd.o(.ARM.exidx.text.LCD_clear) refers to lcd.o(.text.LCD_clear) for [Anonymous Symbol]
    lcd.o(.text.LCD_write_cmd) refers to pll.o(.text.SysTick_Wait_ms) for SysTick_Wait_ms
    lcd.o(.ARM.exidx.text.LCD_write_cmd) refers to lcd.o(.text.LCD_write_cmd) for [Anonymous Symbol]
    lcd.o(.text.LCD_en_write) refers to pll.o(.text.SysTick_Wait_ms) for SysTick_Wait_ms
    lcd.o(.ARM.exidx.text.LCD_en_write) refers to lcd.o(.text.LCD_en_write) for [Anonymous Symbol]
    lcd.o(.text.LCD_write_data) refers to pll.o(.text.SysTick_Wait_ms) for SysTick_Wait_ms
    lcd.o(.ARM.exidx.text.LCD_write_data) refers to lcd.o(.text.LCD_write_data) for [Anonymous Symbol]
    lcd.o(.text.LCD_set_xy) refers to pll.o(.text.SysTick_Wait_ms) for SysTick_Wait_ms
    lcd.o(.ARM.exidx.text.LCD_set_xy) refers to lcd.o(.text.LCD_set_xy) for [Anonymous Symbol]
    lcd.o(.text.LCD_print_char) refers to pll.o(.text.SysTick_Wait_ms) for SysTick_Wait_ms
    lcd.o(.ARM.exidx.text.LCD_print_char) refers to lcd.o(.text.LCD_print_char) for [Anonymous Symbol]
    lcd.o(.text.LCD_print_string) refers to lcd.o(.text.LCD_clear) for LCD_clear
    lcd.o(.text.LCD_print_string) refers to pll.o(.text.SysTick_Wait_ms) for SysTick_Wait_ms
    lcd.o(.ARM.exidx.text.LCD_print_string) refers to lcd.o(.text.LCD_print_string) for [Anonymous Symbol]
    lcd.o(.text.LCD_init) refers to pll.o(.text.SysTick_Wait_us) for SysTick_Wait_us
    lcd.o(.text.LCD_init) refers to pll.o(.text.SysTick_Wait_ms) for SysTick_Wait_ms
    lcd.o(.ARM.exidx.text.LCD_init) refers to lcd.o(.text.LCD_init) for [Anonymous Symbol]
    lcd.o(.text.LCD_display_image) refers to pll.o(.text.SysTick_Wait_ms) for SysTick_Wait_ms
    lcd.o(.text.LCD_display_image) refers to lcd.o(.rodata..L__const.LCD_display_image.image_table) for .L__const.LCD_display_image.image_table
    lcd.o(.text.LCD_display_image) refers to lcd.o(.rodata.cst8) for .L__const.LCD_display_image.address_table
    lcd.o(.ARM.exidx.text.LCD_display_image) refers to lcd.o(.text.LCD_display_image) for [Anonymous Symbol]
    lcd.o(.text.LCD_erase) refers to pll.o(.text.SysTick_Wait_ms) for SysTick_Wait_ms
    lcd.o(.ARM.exidx.text.LCD_erase) refers to lcd.o(.text.LCD_erase) for [Anonymous Symbol]
    pll.o(.ARM.exidx.text.SysTick_Init) refers to pll.o(.text.SysTick_Init) for [Anonymous Symbol]
    pll.o(.text.PLL_Init) refers to pll.o(.bss.n) for n
    pll.o(.text.PLL_Init) refers to dflt_clz.o(x$fpl$dfltu) for __aeabi_ui2d
    pll.o(.text.PLL_Init) refers to dmul.o(x$fpl$dmul) for __aeabi_dmul
    pll.o(.text.PLL_Init) refers to ddiv.o(x$fpl$ddiv) for __aeabi_ddiv
    pll.o(.text.PLL_Init) refers to pll.o(.bss.TPC) for TPC
    pll.o(.text.PLL_Init) refers to pll.o(.bss.ms_cycled) for ms_cycled
    pll.o(.text.PLL_Init) refers to dfix.o(x$fpl$dfix) for __aeabi_d2iz
    pll.o(.text.PLL_Init) refers to pll.o(.bss.ms_cycle) for ms_cycle
    pll.o(.text.PLL_Init) refers to pll.o(.bss.us_cycled) for us_cycled
    pll.o(.text.PLL_Init) refers to pll.o(.bss.us_cycle) for us_cycle
    pll.o(.ARM.exidx.text.PLL_Init) refers to pll.o(.text.PLL_Init) for [Anonymous Symbol]
    pll.o(.ARM.exidx.text.SysTick_Wait) refers to pll.o(.text.SysTick_Wait) for [Anonymous Symbol]
    pll.o(.text.SysTick_Wait_ms) refers to pll.o(.bss.ms_cycle) for ms_cycle
    pll.o(.ARM.exidx.text.SysTick_Wait_ms) refers to pll.o(.text.SysTick_Wait_ms) for [Anonymous Symbol]
    pll.o(.text.SysTick_Wait_us) refers to pll.o(.bss.us_cycle) for us_cycle
    pll.o(.ARM.exidx.text.SysTick_Wait_us) refers to pll.o(.text.SysTick_Wait_us) for [Anonymous Symbol]
    pll.o(.text.number) refers to pll.o(.bss.us_cycle) for us_cycle
    pll.o(.ARM.exidx.text.number) refers to pll.o(.text.number) for [Anonymous Symbol]
    keypad.o(.ARM.exidx.text.key_init) refers to keypad.o(.text.key_init) for [Anonymous Symbol]
    keypad.o(.text.key_scan) refers to pll.o(.text.SysTick_Wait_us) for SysTick_Wait_us
    keypad.o(.ARM.exidx.text.key_scan) refers to keypad.o(.text.key_scan) for [Anonymous Symbol]
    main.o(.text) refers (Special) to _printf_percent.o(.ARM.Collect$$_printf_percent$$00000000) for _printf_percent
    main.o(.text) refers (Special) to _printf_f.o(.ARM.Collect$$_printf_percent$$00000003) for _printf_f
    main.o(.text) refers (Special) to printf1.o(x$fpl$printf1) for _printf_fp_dec
    main.o(.text.main) refers (Special) to _printf_percent.o(.ARM.Collect$$_printf_percent$$00000000) for _printf_percent
    main.o(.text.main) refers (Special) to _printf_f.o(.ARM.Collect$$_printf_percent$$00000003) for _printf_f
[...]
    ../clib/signal.c                         0x00000000   Number         0  defsig_cppl_inner.o ABSOLUTE
    ../clib/signal.c                         0x00000000   Number         0  defsig_segv_inner.o ABSOLUTE
    ../clib/signal.c                         0x00000000   Number         0  defsig_other.o ABSOLUTE
    ../clib/signal.s                         0x00000000   Number         0  defsig.o ABSOLUTE
    ../clib/stdlib.c                         0x00000000   Number         0  exit.o ABSOLUTE
    ../clib/string.c                         0x00000000   Number         0  strncat.o ABSOLUTE
    ../clib/string.c                         0x00000000   Number         0  strlen.o ABSOLUTE
    ../fplib/d2f.s                           0x00000000   Number         0  d2f.o ABSOLUTE
    ../fplib/daddsub.s                       0x00000000   Number         0  daddsub_clz.o ABSOLUTE
    ../fplib/dcheck1.s                       0x00000000   Number         0  dcheck1.o ABSOLUTE
    ../fplib/dcmpi.s                         0x00000000   Number         0  dcmpi.o ABSOLUTE
    ../fplib/ddiv.s                          0x00000000   Number         0  ddiv.o ABSOLUTE
    ../fplib/deqf.s                          0x00000000   Number         0  deqf.o ABSOLUTE
    ../fplib/dfix.s                          0x00000000   Number         0  dfix.o ABSOLUTE
    ../fplib/dflt.s                          0x00000000   Number         0  dflt_clz.o ABSOLUTE
    ../fplib/dleqf.s                         0x00000000   Number         0  dleqf.o ABSOLUTE
    ../fplib/dmul.s                          0x00000000   Number         0  dmul.o ABSOLUTE
    ../fplib/dnaninf.s                       0x00000000   Number         0  dnaninf.o ABSOLUTE
    ../fplib/dretinf.s                       0x00000000   Number         0  dretinf.o ABSOLUTE
    ../fplib/drleqf.s                        0x00000000   Number         0  drleqf.o ABSOLUTE
    ../fplib/f2d.s                           0x00000000   Number         0  f2d.o ABSOLUTE
    ../fplib/fnaninf.s                       0x00000000   Number         0  fnaninf.o ABSOLUTE
    ../fplib/fpconst.s                       0x00000000   Number         0  fpconst.o ABSOLUTE
    ../fplib/fpinit.s                        0x00000000   Number         0  fpinit.o ABSOLUTE
    ../fplib/fretinf.s                       0x00000000   Number         0  fretinf.o ABSOLUTE
    ../fplib/istatus.s                       0x00000000   Number         0  istatus.o ABSOLUTE
    ../fplib/printf1.s                       0x00000000   Number         0  printf1.o ABSOLUTE
    ../fplib/retnan.s                        0x00000000   Number         0  retnan.o ABSOLUTE
    ../fplib/scalbn.s                        0x00000000   Number         0  scalbn.o ABSOLUTE
    ../fplib/scanf1.s                        0x00000000   Number         0  scanf1.o ABSOLUTE
    ../fplib/scanf2.s                        0x00000000   Number         0  scanf2.o ABSOLUTE
    ../fplib/scanf2a.s                       0x00000000   Number         0  scanf2a.o ABSOLUTE
    ../fplib/scanf2b.s                       0x00000000   Number         0  scanf2b.o ABSOLUTE
    ../fplib/trapv.s                         0x00000000   Number         0  trapv.o ABSOLUTE
    ../fplib/usenofp.s                       0x00000000   Number         0  usenofp.o ABSOLUTE
    ../mathlib/atof.c                        0x00000000   Number         0  atof.o ABSOLUTE
    ../mathlib/dunder.c                      0x00000000   Number         0  dunder.o ABSOLUTE
    ../mathlib/fpclassify.c                  0x00000000   Number         0  fpclassify.o ABSOLUTE
    ../mathlib/frexp.c                       0x00000000   Number         0  frexp.o ABSOLUTE
    ../mathlib/ldexp.c                       0x00000000   Number         0  ldexp.o ABSOLUTE
    ../mathlib/narrow.c                      0x00000000   Number         0  narrow.o ABSOLUTE
    FLASH.c                                  0x00000000   Number         0  flash.o ABSOLUTE
    PLL.c                                    0x00000000   Number         0  pll.o ABSOLUTE
    RTE/Device/TM4C123GH6PM/startup_TM4C123.s 0x00000000   Number         0  startup_tm4c123.o ABSOLUTE
    dc.s                                     0x00000000   Number         0  dc.o ABSOLUTE
    keypad.c                                 0x00000000   Number         0  keypad.o ABSOLUTE
    lcd.c                                    0x00000000   Number         0  lcd.o ABSOLUTE
    main.c                                   0x00000000   Number         0  main.o ABSOLUTE
    system_TM4C123.c                         0x00000000   Number         0  system_tm4c123.o ABSOLUTE
    RESET                                    0x00000000   Section      620  startup_tm4c123.o(RESET)
    !!!main                                  0x0000026c   Section        8  __main.o(!!!main)
    !!!scatter                               0x00000274   Section       52  __scatter.o(!!!scatter)
    !!handler_zi                             0x000002a8   Section       28  __scatter_zi.o(!!handler_zi)
    .ARM.Collect$$_printf_percent$$00000000  0x000002c4   Section        0  _printf_percent.o(.ARM.Collect$$_printf_percent$$00000000)
    .ARM.Collect$$_printf_percent$$00000003  0x000002c4   Section        6  _printf_f.o(.ARM.Collect$$_printf_percent$$00000003)
    .ARM.Collect$$_printf_percent$$00000017  0x000002ca   Section        4  _printf_percent_end.o(.ARM.Collect$$_printf_percent$$00000017)
    .ARM.Collect$$libinit$$00000000          0x000002ce   Section        2  libinit.o(.ARM.Collect$$libinit$$00000000)
    .ARM.Collect$$libinit$$00000001          0x000002d0   Section        4  libinit2.o(.ARM.Collect$$libinit$$00000001)
    .ARM.Collect$$libinit$$00000004          0x000002d4   Section        0  libinit2.o(.ARM.Collect$$libinit$$00000004)
    .ARM.Collect$$libinit$$00000006          0x000002d4   Section        0  libinit2.o(.ARM.Collect$$libinit$$00000006)
    .ARM.Collect$$libinit$$0000000C          0x000002d4   Section        0  libinit2.o(.ARM.Collect$$libinit$$0000000C)
    .ARM.Collect$$libinit$$0000000E          0x000002d4   Section        0  libinit2.o(.ARM.Collect$$libinit$$0000000E)
    .ARM.Collect$$libinit$$00000010          0x000002d4   Section        0  libinit2.o(.ARM.Collect$$libinit$$00000010)
    .ARM.Collect$$libinit$$00000011          0x000002d4   Section        6  libinit2.o(.ARM.Collect$$libinit$$00000011)
    .ARM.Collect$$libinit$$00000013          0x000002da   Section        0  libinit2.o(.ARM.Collect$$libinit$$00000013)
    .ARM.Collect$$libinit$$00000014          0x000002da   Section       12  libinit2.o(.ARM.Collect$$libinit$$00000014)
    .ARM.Collect$$libinit$$00000015          0x000002e6   Section        0  libinit2.o(.ARM.Collect$$libinit$$00000015)
    .ARM.Collect$$libinit$$00000017          0x000002e6   Section        0  libinit2.o(.ARM.Collect$$libinit$$00000017)
    .ARM.Collect$$libinit$$00000018          0x000002e6   Section       10  libinit2.o(.ARM.Collect$$libinit$$00000018)
    .ARM.Collect$$libinit$$00000019          0x000002f0   Section        0  libinit2.o(.ARM.Collect$$libinit$$00000019)
    .ARM.Collect$$libinit$$0000001B          0x000002f0   Section        0  libinit2.o(.ARM.Collect$$libinit$$0000001B)
    .ARM.Collect$$libinit$$0000001D          0x000002f0   Section        0  libinit2.o(.ARM.Collect$$libinit$$0000001D)
    .ARM.Collect$$libinit$$0000001F          0x000002f0   Section        0  libinit2.o(.ARM.Collect$$libinit$$0000001F)
    .ARM.Collect$$libinit$$00000021          0x000002f0   Section        0  libinit2.o(.ARM.Collect$$libinit$$00000021)
    .ARM.Collect$$libinit$$00000023          0x000002f0   Section        0  libinit2.o(.ARM.Collect$$libinit$$00000023)
    .ARM.Collect$$libinit$$00000025          0x000002f0   Section        0  libinit2.o(.ARM.Collect$$libinit$$00000025)
    .ARM.Collect$$libinit$$00000027          0x000002f0   Section        0  libinit2.o(.ARM.Collect$$libinit$$00000027)
    .ARM.Collect$$libinit$$0000002E          0x000002f0   Section        0  libinit2.o(.ARM.Collect$$libinit$$0000002E)
    .ARM.Collect$$libinit$$00000030          0x000002f0   Section        0  libinit2.o(.ARM.Collect$$libinit$$00000030)
    .ARM.Collect$$libinit$$00000032          0x000002f0   Section        0  libinit2.o(.ARM.Collect$$libinit$$00000032)
    .ARM.Collect$$libinit$$00000034          0x000002f0   Section        0  libinit2.o(.ARM.Collect$$libinit$$00000034)
    .ARM.Collect$$libinit$$00000035          0x000002f0   Section        2  libinit2.o(.ARM.Collect$$libinit$$00000035)
    .ARM.Collect$$libshutdown$$00000000      0x000002f2   Section        2  libshutdown.o(.ARM.Collect$$libshutdown$$00000000)
    .ARM.Collect$$libshutdown$$00000002      0x000002f4   Section        0  libshutdown2.o(.ARM.Collect$$libshutdown$$00000002)
    .ARM.Collect$$libshutdown$$00000004      0x000002f4   Section        0  libshutdown2.o(.ARM.Collect$$libshutdown$$00000004)
    .ARM.Collect$$libshutdown$$00000007      0x000002f4   Section        0  libshutdown2.o(.ARM.Collect$$libshutdown$$00000007)
    .ARM.Collect$$libshutdown$$0000000A      0x000002f4   Section        0  libshutdown2.o(.ARM.Collect$$libshutdown$$0000000A)
    .ARM.Collect$$libshutdown$$0000000C      0x000002f4   Section        0  libshutdown2.o(.ARM.Collect$$libshutdown$$0000000C)
    .ARM.Collect$$libshutdown$$0000000F      0x000002f4   Section        0  libshutdown2.o(.ARM.Collect$$libshutdown$$0000000F)
    .ARM.Collect$$libshutdown$$00000010      0x000002f4   Section        2  libshutdown2.o(.ARM.Collect$$libshutdown$$00000010)
    .ARM.Collect$$rtentry$$00000000          0x000002f6   Section        0  __rtentry.o(.ARM.Collect$$rtentry$$00000000)
    .ARM.Collect$$rtentry$$00000002          0x000002f6   Section        0  __rtentry2.o(.ARM.Collect$$rtentry$$00000002)
    .ARM.Collect$$rtentry$$00000004          0x000002f6   Section        6  __rtentry4.o(.ARM.Collect$$rtentry$$00000004)
    .ARM.Collect$$rtentry$$00000009          0x000002fc   Section        0  __rtentry2.o(.ARM.Collect$$rtentry$$00000009)
    .ARM.Collect$$rtentry$$0000000A          0x000002fc   Section        4  __rtentry2.o(.ARM.Collect$$rtentry$$0000000A)
    .ARM.Collect$$rtentry$$0000000C          0x00000300   Section        0  __rtentry2.o(.ARM.Collect$$rtentry$$0000000C)
    .ARM.Collect$$rtentry$$0000000D          0x00000300   Section        8  __rtentry2.o(.ARM.Collect$$rtentry$$0000000D)
    .ARM.Collect$$rtexit$$00000000           0x00000308   Section        2  rtexit.o(.ARM.Collect$$rtexit$$00000000)
    .ARM.Collect$$rtexit$$00000002           0x0000030a   Section        0  rtexit2.o(.ARM.Collect$$rtexit$$00000002)
    .ARM.Collect$$rtexit$$00000003           0x0000030a   Section        4  rtexit2.o(.ARM.Collect$$rtexit$$00000003)
    .ARM.Collect$$rtexit$$00000004           0x0000030e   Section        6  rtexit2.o(.ARM.Collect$$rtexit$$00000004)
    $v0                                      0x00000314   Number         0  startup_tm4c123.o(.text)
    .text                                    0x00000314   Section      276  startup_tm4c123.o(.text)
    .text                                    0x00000428   Section        0  noretval__2sprintf.o(.text)
    .text                                    0x00000450   Section        0  __printf.o(.text)
    .text                                    0x000004b8   Section        0  atoi.o(.text)
    .text                                    0x000004d2   Section        0  strncat.o(.text)
    .text                                    0x000004f6   Section        0  heapauxi.o(.text)
    .text                                    0x000004fc   Section        8  rt_errno_addr_intlibspace.o(.text)
    .text                                    0x00000504   Section        0  _rserrno.o(.text)
    _fp_digits                               0x0000051b   Thumb Code   432  _printf_fp_dec.o(.text)
    .text                                    0x0000051a   Section        0  _printf_fp_dec.o(.text)
    _printf_input_char                       0x00000939   Thumb Code    10  _printf_char_common.o(.text)
    .text                                    0x00000938   Section        0  _printf_char_common.o(.text)
    .text                                    0x00000968   Section        0  _sputc.o(.text)
    _local_sscanf                            0x00000975   Thumb Code    68  strtod.o(.text)
    .text                                    0x00000974   Section        0  strtod.o(.text)
    .text                                    0x00000a24   Section        0  strtol.o(.text)
    .text                                    0x00000a94   Section        8  libspace.o(.text)
    .text                                    0x00000a9c   Section       16  rt_ctype_table.o(.text)
    .text                                    0x00000aac   Section        8  rt_locale_intlibspace.o(.text)
    .text                                    0x00000ab4   Section      138  lludiv10.o(.text)
    .text                                    0x00000b3e   Section        0  isspace.o(.text)
    .text                                    0x00000b50   Section        0  _printf_fp_infnan.o(.text)
    .text                                    0x00000bd0   Section        0  _sgetc.o(.text)
    .text                                    0x00000c10   Section        0  _strtoul.o(.text)
    .text                                    0x00000cb0   Section        0  bigflt0.o(.text)
    .text                                    0x00000d94   Section       74  sys_stackheap_outer.o(.text)
    .text                                    0x00000dde   Section        0  _chval.o(.text)
    _fp_value                                0x00000dfd   Thumb Code   588  scanf_fp.o(.text)
    .text                                    0x00000dfc   Section        0  scanf_fp.o(.text)
    .text                                    0x000012f4   Section        0  exit.o(.text)
    .text                                    0x00001308   Section      124  strcmpv7em.o(.text)
    .text                                    0x00001384   Section       38  llshl.o(.text)
    .text                                    0x000013ac   Section        0  scanf_hexfp.o(.text)
    .text                                    0x000016cc   Section        0  scanf_infnan.o(.text)
    .text                                    0x00001800   Section        0  sys_exit.o(.text)
    .text                                    0x0000180c   Section        2  use_no_semi.o(.text)
    .text                                    0x0000180e   Section        0  indicate_semi.o(.text)
    [Anonymous Symbol]                       0x00001810   Section        0  main.o(.text.Change_Password)
    [Anonymous Symbol]                       0x000018a4   Section        0  flash.o(.text.Flash_Enable)
    [Anonymous Symbol]                       0x000018cc   Section        0  flash.o(.text.Flash_Read)
    [Anonymous Symbol]                       0x000018ec   Section        0  flash.o(.text.Flash_Write)
    [Anonymous Symbol]                       0x00001980   Section        0  lcd.o(.text.LCD_clear)
    [Anonymous Symbol]                       0x00001a28   Section        0  lcd.o(.text.LCD_erase)
    [Anonymous Symbol]                       0x00001b1c   Section        0  lcd.o(.text.LCD_init)
    [Anonymous Symbol]                       0x00001d54   Section        0  lcd.o(.text.LCD_port_init)
    [Anonymous Symbol]                       0x00001dec   Section        0  lcd.o(.text.LCD_print_string)
    [Anonymous Symbol]                       0x00001f2c   Section        0  lcd.o(.text.LCD_set_xy)
    [Anonymous Symbol]                       0x00001fa8   Section        0  lcd.o(.text.LCD_write_data)
    [Anonymous Symbol]                       0x00002018   Section        0  pll.o(.text.PLL_Init)
    [Anonymous Symbol]                       0x00002140   Section        0  pll.o(.text.SysTick_Init)
    [Anonymous Symbol]                       0x0000215c   Section        0  pll.o(.text.SysTick_Wait_ms)
    [Anonymous Symbol]                       0x00002180   Section        0  pll.o(.text.SysTick_Wait_us)
    [Anonymous Symbol]                       0x000021a4   Section        0  system_tm4c123.o(.text.SystemInit)
    [Anonymous Symbol]                       0x00002214   Section        0  main.o(.text.calculation)
    [Anonymous Symbol]                       0x000023ac   Section        0  main.o(.text.check_password)
    [Anonymous Symbol]                       0x00002570   Section        0  keypad.o(.text.key_init)
    [Anonymous Symbol]                       0x00002624   Section        0  keypad.o(.text.key_scan)
    [Anonymous Symbol]                       0x000026c8   Section        0  main.o(.text.main)
    [Anonymous Symbol]                       0x000027e0   Section        0  main.o(.text.process_input)
    CL$$btod_d2e                             0x00002a02   Section       62  btod.o(CL$$btod_d2e)
    CL$$btod_d2e_denorm_low                  0x00002a40   Section       70  btod.o(CL$$btod_d2e_denorm_low)
    CL$$btod_d2e_norm_op1                    0x00002a86   Section       96  btod.o(CL$$btod_d2e_norm_op1)
    CL$$btod_div_common                      0x00002ae8   Section      824  btod.o(CL$$btod_div_common)
    CL$$btod_e2d                             0x00002e20   Section      132  btod.o(CL$$btod_e2d)
    CL$$btod_e2e                             0x00002ea4   Section      220  btod.o(CL$$btod_e2e)
    CL$$btod_ediv                            0x00002f80   Section       42  btod.o(CL$$btod_ediv)
    CL$$btod_edivd                           0x00002faa   Section       42  btod.o(CL$$btod_edivd)
    CL$$btod_emul                            0x00002fd4   Section       42  btod.o(CL$$btod_emul)
    CL$$btod_emuld                           0x00002ffe   Section       42  btod.o(CL$$btod_emuld)
    CL$$btod_mult_common                     0x00003028   Section      580  btod.o(CL$$btod_mult_common)
    i.__ARM_fpclassify                       0x0000326c   Section        0  fpclassify.o(i.__ARM_fpclassify)
    i.__hardfp___mathlib_tofloat             0x000032a0   Section        0  narrow.o(i.__hardfp___mathlib_tofloat)
    i.__hardfp_atof                          0x00003398   Section        0  atof.o(i.__hardfp_atof)
    i.__hardfp_ldexp                         0x000033d0   Section        0  ldexp.o(i.__hardfp_ldexp)
    i.__mathlib_dbl_overflow                 0x000034a0   Section        0  dunder.o(i.__mathlib_dbl_overflow)
    i.__mathlib_dbl_underflow                0x000034c0   Section        0  dunder.o(i.__mathlib_dbl_underflow)
    i.__mathlib_narrow                       0x000034e0   Section        0  narrow.o(i.__mathlib_narrow)
    i.__support_ldexp                        0x000034f2   Section        0  ldexp.o(i.__support_ldexp)
    i._is_digit                              0x00003506   Section        0  __printf_wp.o(i._is_digit)
    i.frexp                                  0x00003518   Section        0  frexp.o(i.frexp)
    locale$$code                             0x000035a4   Section       44  lc_numeric_c.o(locale$$code)
    locale$$code                             0x000035d0   Section       44  lc_ctype_c.o(locale$$code)
    $v0                                      0x000035fc   Number         0  d2f.o(x$fpl$d2f)
    x$fpl$d2f                                0x000035fc   Section       98  d2f.o(x$fpl$d2f)
    $v0                                      0x00003660   Number         0  dcheck1.o(x$fpl$dcheck1)
    x$fpl$dcheck1                            0x00003660   Section       16  dcheck1.o(x$fpl$dcheck1)
    $v0                                      0x00003670   Number         0  dcmpi.o(x$fpl$dcmpinf)
    x$fpl$dcmpinf                            0x00003670   Section       24  dcmpi.o(x$fpl$dcmpinf)
    $v0                                      0x00003688   Number         0  ddiv.o(x$fpl$ddiv)
    x$fpl$ddiv                               0x00003688   Section      692  ddiv.o(x$fpl$ddiv)
    ddiv_entry                               0x0000368f   Thumb Code     0  ddiv.o(x$fpl$ddiv)
    $v0                                      0x0000393c   Number         0  deqf.o(x$fpl$deqf)
    x$fpl$deqf                               0x0000393c   Section      120  deqf.o(x$fpl$deqf)
    $v0                                      0x000039b4   Number         0  dfix.o(x$fpl$dfix)
    x$fpl$dfix                               0x000039b4   Section       94  dfix.o(x$fpl$dfix)
    $v0                                      0x00003a12   Number         0  dflt_clz.o(x$fpl$dfltu)
    x$fpl$dfltu                              0x00003a12   Section       38  dflt_clz.o(x$fpl$dfltu)
    $v0                                      0x00003a38   Number         0  dleqf.o(x$fpl$dleqf)
    x$fpl$dleqf                              0x00003a38   Section      120  dleqf.o(x$fpl$dleqf)
    $v0                                      0x00003ab0   Number         0  dmul.o(x$fpl$dmul)
    x$fpl$dmul                               0x00003ab0   Section      340  dmul.o(x$fpl$dmul)
    $v0                                      0x00003c04   Number         0  dnaninf.o(x$fpl$dnaninf)
    x$fpl$dnaninf                            0x00003c04   Section      156  dnaninf.o(x$fpl$dnaninf)
    $v0                                      0x00003ca0   Number         0  dretinf.o(x$fpl$dretinf)
    x$fpl$dretinf                            0x00003ca0   Section       12  dretinf.o(x$fpl$dretinf)
    $v0                                      0x00003cac   Number         0  drleqf.o(x$fpl$drleqf)
    x$fpl$drleqf                             0x00003cac   Section      108  drleqf.o(x$fpl$drleqf)
    $v0                                      0x00003d18   Number         0  f2d.o(x$fpl$f2d)
    x$fpl$f2d                                0x00003d18   Section       86  f2d.o(x$fpl$f2d)
    $v0                                      0x00003d6e   Number         0  fnaninf.o(x$fpl$fnaninf)
    x$fpl$fnaninf                            0x00003d6e   Section      140  fnaninf.o(x$fpl$fnaninf)
    $v0                                      0x00003dfa   Number         0  fpinit.o(x$fpl$fpinit)
    x$fpl$fpinit                             0x00003dfa   Section       26  fpinit.o(x$fpl$fpinit)
    $v0                                      0x00003e14   Number         0  fretinf.o(x$fpl$fretinf)
    x$fpl$fretinf                            0x00003e14   Section       10  fretinf.o(x$fpl$fretinf)
    $v0                                      0x00003e1e   Number         0  istatus.o(x$fpl$ieeestatus)
    x$fpl$ieeestatus                         0x00003e1e   Section        6  istatus.o(x$fpl$ieeestatus)
    $v0                                      0x00003e24   Number         0  printf1.o(x$fpl$printf1)
    x$fpl$printf1                            0x00003e24   Section        4  printf1.o(x$fpl$printf1)
    $v0                                      0x00003e28   Number         0  retnan.o(x$fpl$retnan)
    x$fpl$retnan                             0x00003e28   Section      100  retnan.o(x$fpl$retnan)
    $v0                                      0x00003e8c   Number         0  scalbn.o(x$fpl$scalbn)
    x$fpl$scalbn                             0x00003e8c   Section       92  scalbn.o(x$fpl$scalbn)
    $v0                                      0x00003ee8   Number         0  scanf1.o(x$fpl$scanf1)
    x$fpl$scanf1                             0x00003ee8   Section        4  scanf1.o(x$fpl$scanf1)
    $v0                                      0x00003eec   Number         0  scanf2.o(x$fpl$scanf2)
    x$fpl$scanf2                             0x00003eec   Section        8  scanf2.o(x$fpl$scanf2)
    $v0                                      0x00003ef4   Number         0  trapv.o(x$fpl$trapveneer)
    x$fpl$trapveneer                         0x00003ef4   Section       48  trapv.o(x$fpl$trapveneer)
    tenpwrs_x                                0x00003f24   Data          60  bigflt0.o(.constdata)
    .constdata                               0x00003f24   Section      148  bigflt0.o(.constdata)
    x$fpl$usenofp                            0x00003f24   Section        0  usenofp.o(x$fpl$usenofp)
    tenpwrs_i                                0x00003f60   Data          64  bigflt0.o(.constdata)
    c$$dinf                                  0x00003fc8   Section        8  fpconst.o(c$$dinf)
    c$$dmax                                  0x00003fd0   Section        8  fpconst.o(c$$dmax)
    locale$$data                             0x00003fd8   Section       28  lc_numeric_c.o(locale$$data)
    __lcnum_c_name                           0x00003fdc   Data           2  lc_numeric_c.o(locale$$data)
    __lcnum_c_start                          0x00003fe4   Data           0  lc_numeric_c.o(locale$$data)
    __lcnum_c_point                          0x00003ff0   Data           0  lc_numeric_c.o(locale$$data)
    __lcnum_c_thousands                      0x00003ff2   Data           0  lc_numeric_c.o(locale$$data)
    __lcnum_c_grouping                       0x00003ff3   Data           0  lc_numeric_c.o(locale$$data)
    __lcnum_c_end                            0x00003ff4   Data           0  lc_numeric_c.o(locale$$data)
    locale$$data                             0x00003ff4   Section      272  lc_ctype_c.o(locale$$data)
    __lcctype_c_name                         0x00003ff8   Data           2  lc_ctype_c.o(locale$$data)
    __lcctype_c_start                        0x00004000   Data           0  lc_ctype_c.o(locale$$data)
    __lcctype_c_end                          0x00004104   Data           0  lc_ctype_c.o(locale$$data)
    .bss                                     0x20000000   Section       96  libspace.o(.bss)
    flashkey                                 0x200000a2   Data           2  flash.o(.bss.flashkey)
    [Anonymous Symbol]                       0x200000a2   Section        0  flash.o(.bss.flashkey)
    Heap_Mem                                 0x200000e8   Data           0  startup_tm4c123.o(HEAP)
    Stack_Mem                                0x200000e8   Data         512  startup_tm4c123.o(STACK)
    HEAP                                     0x200000e8   Section        0  startup_tm4c123.o(HEAP)
    STACK                                    0x200000e8   Section      512  startup_tm4c123.o(STACK)
    __initial_sp                             0x200002e8   Data           0  startup_tm4c123.o(STACK)

    Global Symbols

    Symbol Name                              Value     Ov Type        Size  Object(Section)

    BuildAttributes$$THM_ISAv4$E$P$D$K$B$S$7EM$VFPi3$EXTD16$VFPS$VFMA$PE$A:L22UL41UL21$X:L11$S22US41US21$IEEE1$IW$~IW$USESV6$~STKCKD$USESV7$~SHL$OTIME$ROPI$IEEEX$EBA8$UX$STANDARDLIB$REQ8$PRES8$EABIv2 0x00000000   Number         0  anon$$obj.o ABSOLUTE
    __Vectors                                0x00000000   Data           4  startup_tm4c123.o(RESET)
    __ARM_exceptions_init                     - Undefined Weak Reference
    __alloca_initialize                       - Undefined Weak Reference
    __arm_preinit_                            - Undefined Weak Reference
    __arm_relocate_pie_                       - Undefined Weak Reference
    __cpp_initialize__aeabi_                  - Undefined Weak Reference
    __cxa_finalize                            - Undefined Weak Reference
    __sigvec_lookup                           - Undefined Weak Reference
    _atexit_init                              - Undefined Weak Reference
    _call_atexit_fns                          - Undefined Weak Reference
    _clock_init                               - Undefined Weak Reference
    _fp_trap_init                             - Undefined Weak Reference
    _fp_trap_shutdown                         - Undefined Weak Reference
    _get_lc_collate                           - Undefined Weak Reference
    _get_lc_monetary                          - Undefined Weak Reference
    _get_lc_time                              - Undefined Weak Reference
    _getenv_init                              - Undefined Weak Reference
    _handle_redirection                       - Undefined Weak Reference
    _init_alloc                               - Undefined Weak Reference
    _init_user_alloc                          - Undefined Weak Reference
    _initio                                   - Undefined Weak Reference
    _printf_post_padding                      - Undefined Weak Reference
    _printf_pre_padding                       - Undefined Weak Reference
    _rand_init                                - Undefined Weak Reference
    _signal_finish                            - Undefined Weak Reference
    _signal_init                              - Undefined Weak Reference
    _terminate_alloc                          - Undefined Weak Reference
    _terminate_user_alloc                     - Undefined Weak Reference
    _terminateio                              - Undefined Weak Reference
    __Vectors_End                            0x0000026c   Data           0  startup_tm4c123.o(RESET)
    __Vectors_Size                           0x0000026c   Number         0  startup_tm4c123.o ABSOLUTE
    __main                                   0x0000026d   Thumb Code     8  __main.o(!!!main)
    __scatterload                            0x00000275   Thumb Code     0  __scatter.o(!!!scatter)
    __scatterload_rt2                        0x00000275   Thumb Code    44  __scatter.o(!!!scatter)
    __scatterload_rt2_thumb_only             0x00000275   Thumb Code     0  __scatter.o(!!!scatter)
    __scatterload_null                       0x00000283   Thumb Code     0  __scatter.o(!!!scatter)
    __scatterload_zeroinit                   0x000002a9   Thumb Code    28  __scatter_zi.o(!!handler_zi)
    _printf_f                                0x000002c5   Thumb Code     0  _printf_f.o(.ARM.Collect$$_printf_percent$$00000003)
    _printf_percent                          0x000002c5   Thumb Code     0  _printf_percent.o(.ARM.Collect$$_printf_percent$$00000000)
    _printf_percent_end                      0x000002cb   Thumb Code     0  _printf_percent_end.o(.ARM.Collect$$_printf_percent$$00000017)
    __rt_lib_init                            0x000002cf   Thumb Code     0  libinit.o(.ARM.Collect$$libinit$$00000000)
    __rt_lib_init_fp_1                       0x000002d1   Thumb Code     0  libinit2.o(.ARM.Collect$$libinit$$00000001)
    __rt_lib_init_heap_1                     0x000002d5   Thumb Code     0  libinit2.o(.ARM.Collect$$libinit$$0000000C)
    __rt_lib_init_lc_common                  0x000002d5   Thumb Code     0  libinit2.o(.ARM.Collect$$libinit$$00000011)
    __rt_lib_init_preinit_1                  0x000002d5   Thumb Code     0  libinit2.o(.ARM.Collect$$libinit$$00000006)
    __rt_lib_init_rand_1                     0x000002d5   Thumb Code     0  libinit2.o(.ARM.Collect$$libinit$$00000010)
    __rt_lib_init_relocate_pie_1             0x000002d5   Thumb Code     0  libinit2.o(.ARM.Collect$$libinit$$00000004)
    __rt_lib_init_user_alloc_1               0x000002d5   Thumb Code     0  libinit2.o(.ARM.Collect$$libinit$$0000000E)
    __rt_lib_init_lc_collate_1               0x000002db   Thumb Code     0  libinit2.o(.ARM.Collect$$libinit$$00000013)
    __rt_lib_init_lc_ctype_2                 0x000002db   Thumb Code     0  libinit2.o(.ARM.Collect$$libinit$$00000014)
    __rt_lib_init_lc_ctype_1                 0x000002e7   Thumb Code     0  libinit2.o(.ARM.Collect$$libinit$$00000015)
    __rt_lib_init_lc_monetary_1              0x000002e7   Thumb Code     0  libinit2.o(.ARM.Collect$$libinit$$00000017)
    __rt_lib_init_lc_numeric_2               0x000002e7   Thumb Code     0  libinit2.o(.ARM.Collect$$libinit$$00000018)
    __rt_lib_init_alloca_1                   0x000002f1   Thumb Code     0  libinit2.o(.ARM.Collect$$libinit$$00000030)
    __rt_lib_init_argv_1                     0x000002f1   Thumb Code     0  libinit2.o(.ARM.Collect$$libinit$$0000002E)
    __rt_lib_init_atexit_1                   0x000002f1   Thumb Code     0  libinit2.o(.ARM.Collect$$libinit$$0000001D)
    __rt_lib_init_clock_1                    0x000002f1   Thumb Code     0  libinit2.o(.ARM.Collect$$libinit$$00000023)
    __rt_lib_init_cpp_1                      0x000002f1   Thumb Code     0  libinit2.o(.ARM.Collect$$libinit$$00000034)
    __rt_lib_init_exceptions_1               0x000002f1   Thumb Code     0  libinit2.o(.ARM.Collect$$libinit$$00000032)
    __rt_lib_init_fp_trap_1                  0x000002f1   Thumb Code     0  libinit2.o(.ARM.Collect$$libinit$$00000021)
    __rt_lib_init_getenv_1                   0x000002f1   Thumb Code     0  libinit2.o(.ARM.Collect$$libinit$$00000025)
    __rt_lib_init_lc_numeric_1               0x000002f1   Thumb Code     0  libinit2.o(.ARM.Collect$$libinit$$00000019)
    __rt_lib_init_lc_time_1                  0x000002f1   Thumb Code     0  libinit2.o(.ARM.Collect$$libinit$$0000001B)
    __rt_lib_init_return                     0x000002f1   Thumb Code     0  libinit2.o(.ARM.Collect$$libinit$$00000035)
    __rt_lib_init_signal_1                   0x000002f1   Thumb Code     0  libinit2.o(.ARM.Collect$$libinit$$0000001F)
    __rt_lib_init_stdio_1                    0x000002f1   Thumb Code     0  libinit2.o(.ARM.Collect$$libinit$$00000027)
    __rt_lib_shutdown                        0x000002f3   Thumb Code     0  libshutdown.o(.ARM.Collect$$libshutdown$$00000000)
    __rt_lib_shutdown_cpp_1                  0x000002f5   Thumb Code     0  libshutdown2.o(.ARM.Collect$$libshutdown$$00000002)
    __rt_lib_shutdown_fp_trap_1              0x000002f5   Thumb Code     0  libshutdown2.o(.ARM.Collect$$libshutdown$$00000007)
    __rt_lib_shutdown_heap_1                 0x000002f5   Thumb Code     0  libshutdown2.o(.ARM.Collect$$libshutdown$$0000000F)
    __rt_lib_shutdown_return                 0x000002f5   Thumb Code     0  libshutdown2.o(.ARM.Collect$$libshutdown$$00000010)
    __rt_lib_shutdown_signal_1               0x000002f5   Thumb Code     0  libshutdown2.o(.ARM.Collect$$libshutdown$$0000000A)
    __rt_lib_shutdown_stdio_1                0x000002f5   Thumb Code     0  libshutdown2.o(.ARM.Collect$$libshutdown$$00000004)
    __rt_lib_shutdown_user_alloc_1           0x000002f5   Thumb Code     0  libshutdown2.o(.ARM.Collect$$libshutdown$$0000000C)
    __rt_entry                               0x000002f7   Thumb Code     0  __rtentry.o(.ARM.Collect$$rtentry$$00000000)
    __rt_entry_presh_1                       0x000002f7   Thumb Code     0  __rtentry2.o(.ARM.Collect$$rtentry$$00000002)
    __rt_entry_sh                            0x000002f7   Thumb Code     0  __rtentry4.o(.ARM.Collect$$rtentry$$00000004)
    __rt_entry_li                            0x000002fd   Thumb Code     0  __rtentry2.o(.ARM.Collect$$rtentry$$0000000A)
    __rt_entry_postsh_1                      0x000002fd   Thumb Code     0  __rtentry2.o(.ARM.Collect$$rtentry$$00000009)
    __rt_entry_main                          0x00000301   Thumb Code     0  __rtentry2.o(.ARM.Collect$$rtentry$$0000000D)
    __rt_entry_postli_1                      0x00000301   Thumb Code     0  __rtentry2.o(.ARM.Collect$$rtentry$$0000000C)
    __rt_exit                                0x00000309   Thumb Code     0  rtexit.o(.ARM.Collect$$rtexit$$00000000)
    __rt_exit_ls                             0x0000030b   Thumb Code     0  rtexit2.o(.ARM.Collect$$rtexit$$00000003)
    __rt_exit_prels_1                        0x0000030b   Thumb Code     0  rtexit2.o(.ARM.Collect$$rtexit$$00000002)
    __rt_exit_exit                           0x0000030f   Thumb Code     0  rtexit2.o(.ARM.Collect$$rtexit$$00000004)
    Reset_Handler                            0x00000315   Thumb Code     8  startup_tm4c123.o(.text)
    NMI_Handler                              0x0000031d   Thumb Code     2  startup_tm4c123.o(.text)
    HardFault_Handler                        0x0000031f   Thumb Code     2  startup_tm4c123.o(.text)
    MemManage_Handler                        0x00000321   Thumb Code     2  startup_tm4c123.o(.text)
    BusFault_Handler                         0x00000323   Thumb Code     2  startup_tm4c123.o(.text)
    UsageFault_Handler                       0x00000325   Thumb Code     2  startup_tm4c123.o(.text)
    SVC_Handler                              0x00000327   Thumb Code     2  startup_tm4c123.o(.text)
    DebugMon_Handler                         0x00000329   Thumb Code     2  startup_tm4c123.o(.text)
    PendSV_Handler                           0x0000032b   Thumb Code     2  startup_tm4c123.o(.text)
    SysTick_Handler                          0x0000032d   Thumb Code     2  startup_tm4c123.o(.text)
    GPIOA_Handler                            0x0000032f   Thumb Code     2  startup_tm4c123.o(.text)
    GPIOB_Handler                            0x00000331   Thumb Code     2  startup_tm4c123.o(.text)
    GPIOC_Handler                            0x00000333   Thumb Code     2  startup_tm4c123.o(.text)
    GPIOD_Handler                            0x00000335   Thumb Code     2  startup_tm4c123.o(.text)
    GPIOE_Handler                            0x00000337   Thumb Code     2  startup_tm4c123.o(.text)
    UART0_Handler                            0x00000339   Thumb Code     2  startup_tm4c123.o(.text)
    UART1_Handler                            0x0000033b   Thumb Code     2  startup_tm4c123.o(.text)
    SSI0_Handler                             0x0000033d   Thumb Code     2  startup_tm4c123.o(.text)
    I2C0_Handler                             0x0000033f   Thumb Code     2  startup_tm4c123.o(.text)
    PMW0_FAULT_Handler                       0x00000341   Thumb Code     2  startup_tm4c123.o(.text)
    PWM0_0_Handler                           0x00000343   Thumb Code     2  startup_tm4c123.o(.text)
    PWM0_1_Handler                           0x00000345   Thumb Code     2  startup_tm4c123.o(.text)
    PWM0_2_Handler                           0x00000347   Thumb Code     2  startup_tm4c123.o(.text)
    QEI0_Handler                             0x00000349   Thumb Code     2  startup_tm4c123.o(.text)
    ADC0SS0_Handler                          0x0000034b   Thumb Code     2  startup_tm4c123.o(.text)
    ADC0SS1_Handler                          0x0000034d   Thumb Code     2  startup_tm4c123.o(.text)
    ADC0SS2_Handler                          0x0000034f   Thumb Code     2  startup_tm4c123.o(.text)
    ADC0SS3_Handler                          0x00000351   Thumb Code     2  startup_tm4c123.o(.text)
    WDT0_Handler                             0x00000353   Thumb Code     2  startup_tm4c123.o(.text)
    TIMER0A_Handler                          0x00000355   Thumb Code     2  startup_tm4c123.o(.text)
    TIMER0B_Handler                          0x00000357   Thumb Code     2  startup_tm4c123.o(.text)
    TIMER1A_Handler                          0x00000359   Thumb Code     2  startup_tm4c123.o(.text)
    TIMER1B_Handler                          0x0000035b   Thumb Code     2  startup_tm4c123.o(.text)
    TIMER2A_Handler                          0x0000035d   Thumb Code     2  startup_tm4c123.o(.text)
    TIMER2B_Handler                          0x0000035f   Thumb Code     2  startup_tm4c123.o(.text)
    COMP0_Handler                            0x00000361   Thumb Code     2  startup_tm4c123.o(.text)
    COMP1_Handler                            0x00000363   Thumb Code     2  startup_tm4c123.o(.text)
    COMP2_Handler                            0x00000365   Thumb Code     2  startup_tm4c123.o(.text)
    SYSCTL_Handler                           0x00000367   Thumb Code     2  startup_tm4c123.o(.text)
    FLASH_Handler                            0x00000369   Thumb Code     2  startup_tm4c123.o(.text)
    GPIOF_Handler                            0x0000036b   Thumb Code     2  startup_tm4c123.o(.text)
    GPIOG_Handler                            0x0000036d   Thumb Code     2  startup_tm4c123.o(.text)
    GPIOH_Handler                            0x0000036f   Thumb Code     2  startup_tm4c123.o(.text)
    UART2_Handler                            0x00000371   Thumb Code     2  startup_tm4c123.o(.text)
    SSI1_Handler                             0x00000373   Thumb Code     2  startup_tm4c123.o(.text)
    TIMER3A_Handler                          0x00000375   Thumb Code     2  startup_tm4c123.o(.text)
    TIMER3B_Handler                          0x00000377   Thumb Code     2  startup_tm4c123.o(.text)
    I2C1_Handler                             0x00000379   Thumb Code     2  startup_tm4c123.o(.text)
    QEI1_Handler                             0x0000037b   Thumb Code     2  startup_tm4c123.o(.text)
    CAN0_Handler                             0x0000037d   Thumb Code     2  startup_tm4c123.o(.text)
    CAN1_Handler                             0x0000037f   Thumb Code     2  startup_tm4c123.o(.text)
    CAN2_Handler                             0x00000381   Thumb Code     2  startup_tm4c123.o(.text)
    HIB_Handler                              0x00000383   Thumb Code     2  startup_tm4c123.o(.text)
    USB0_Handler                             0x00000385   Thumb Code     2  startup_tm4c123.o(.text)
    PWM0_3_Handler                           0x00000387   Thumb Code     2  startup_tm4c123.o(.text)
    UDMA_Handler                             0x00000389   Thumb Code     2  startup_tm4c123.o(.text)
    UDMAERR_Handler                          0x0000038b   Thumb Code     2  startup_tm4c123.o(.text)
    ADC1SS0_Handler                          0x0000038d   Thumb Code     2  startup_tm4c123.o(.text)
    ADC1SS1_Handler                          0x0000038f   Thumb Code     2  startup_tm4c123.o(.text)
    ADC1SS2_Handler                          0x00000391   Thumb Code     2  startup_tm4c123.o(.text)
    ADC1SS3_Handler                          0x00000393   Thumb Code     2  startup_tm4c123.o(.text)
    GPIOJ_Handler                            0x00000395   Thumb Code     2  startup_tm4c123.o(.text)
    GPIOK_Handler                            0x00000397   Thumb Code     2  startup_tm4c123.o(.text)
    GPIOL_Handler                            0x00000399   Thumb Code     2  startup_tm4c123.o(.text)
    SSI2_Handler                             0x0000039b   Thumb Code     2  startup_tm4c123.o(.text)
    SSI3_Handler                             0x0000039d   Thumb Code     2  startup_tm4c123.o(.text)
    UART3_Handler                            0x0000039f   Thumb Code     2  startup_tm4c123.o(.text)
    UART4_Handler                            0x000003a1   Thumb Code     2  startup_tm4c123.o(.text)
    UART5_Handler                            0x000003a3   Thumb Code     2  startup_tm4c123.o(.text)
    UART6_Handler                            0x000003a5   Thumb Code     2  startup_tm4c123.o(.text)
    UART7_Handler                            0x000003a7   Thumb Code     2  startup_tm4c123.o(.text)
    I2C2_Handler                             0x000003a9   Thumb Code     2  startup_tm4c123.o(.text)
    I2C3_Handler                             0x000003ab   Thumb Code     2  startup_tm4c123.o(.text)
    TIMER4A_Handler                          0x000003ad   Thumb Code     2  startup_tm4c123.o(.text)
    TIMER4B_Handler                          0x000003af   Thumb Code     2  startup_tm4c123.o(.text)
    TIMER5A_Handler                          0x000003b1   Thumb Code     2  startup_tm4c123.o(.text)
    TIMER5B_Handler                          0x000003b3   Thumb Code     2  startup_tm4c123.o(.text)
    WTIMER0A_Handler                         0x000003b5   Thumb Code     2  startup_tm4c123.o(.text)
    WTIMER0B_Handler                         0x000003b7   Thumb Code     2  startup_tm4c123.o(.text)
    WTIMER1A_Handler                         0x000003b9   Thumb Code     2  startup_tm4c123.o(.text)
    WTIMER1B_Handler                         0x000003bb   Thumb Code     2  startup_tm4c123.o(.text)
    WTIMER2A_Handler                         0x000003bd   Thumb Code     2  startup_tm4c123.o(.text)
    WTIMER2B_Handler                         0x000003bf   Thumb Code     2  startup_tm4c123.o(.text)
    WTIMER3A_Handler                         0x000003c1   Thumb Code     2  startup_tm4c123.o(.text)
    WTIMER3B_Handler                         0x000003c3   Thumb Code     2  startup_tm4c123.o(.text)
    WTIMER4A_Handler                         0x000003c5   Thumb Code     2  startup_tm4c123.o(.text)
    WTIMER4B_Handler                         0x000003c7   Thumb Code     2  startup_tm4c123.o(.text)
    WTIMER5A_Handler                         0x000003c9   Thumb Code     2  startup_tm4c123.o(.text)
    WTIMER5B_Handler                         0x000003cb   Thumb Code     2  startup_tm4c123.o(.text)
    FPU_Handler                              0x000003cd   Thumb Code     2  startup_tm4c123.o(.text)
    I2C4_Handler                             0x000003cf   Thumb Code     2  startup_tm4c123.o(.text)
    I2C5_Handler                             0x000003d1   Thumb Code     2  startup_tm4c123.o(.text)
    GPIOM_Handler                            0x000003d3   Thumb Code     2  startup_tm4c123.o(.text)
    GPION_Handler                            0x000003d5   Thumb Code     2  startup_tm4c123.o(.text)
    QEI2_Handler                             0x000003d7   Thumb Code     2  startup_tm4c123.o(.text)
    GPIOP0_Handler                           0x000003d9   Thumb Code     2  startup_tm4c123.o(.text)
    GPIOP1_Handler                           0x000003db   Thumb Code     2  startup_tm4c123.o(.text)
    GPIOP2_Handler                           0x000003dd   Thumb Code     2  startup_tm4c123.o(.text)
    GPIOP3_Handler                           0x000003df   Thumb Code     2  startup_tm4c123.o(.text)
    GPIOP4_Handler                           0x000003e1   Thumb Code     2  startup_tm4c123.o(.text)
    GPIOP5_Handler                           0x000003e3   Thumb Code     2  startup_tm4c123.o(.text)
    GPIOP6_Handler                           0x000003e5   Thumb Code     2  startup_tm4c123.o(.text)
    GPIOP7_Handler                           0x000003e7   Thumb Code     2  startup_tm4c123.o(.text)
    GPIOQ0_Handler                           0x000003e9   Thumb Code     2  startup_tm4c123.o(.text)
    GPIOQ1_Handler                           0x000003eb   Thumb Code     2  startup_tm4c123.o(.text)
    GPIOQ2_Handler                           0x000003ed   Thumb Code     2  startup_tm4c123.o(.text)
    GPIOQ3_Handler                           0x000003ef   Thumb Code     2  startup_tm4c123.o(.text)
    GPIOQ4_Handler                           0x000003f1   Thumb Code     2  startup_tm4c123.o(.text)
    GPIOQ5_Handler                           0x000003f3   Thumb Code     2  startup_tm4c123.o(.text)
    GPIOQ6_Handler                           0x000003f5   Thumb Code     2  startup_tm4c123.o(.text)
    GPIOQ7_Handler                           0x000003f7   Thumb Code     2  startup_tm4c123.o(.text)
    GPIOR_Handler                            0x000003f9   Thumb Code     2  startup_tm4c123.o(.text)
    GPIOS_Handler                            0x000003fb   Thumb Code     2  startup_tm4c123.o(.text)
    PMW1_0_Handler                           0x000003fd   Thumb Code     2  startup_tm4c123.o(.text)
    PWM1_1_Handler                           0x000003ff   Thumb Code     2  startup_tm4c123.o(.text)
    PWM1_2_Handler                           0x00000401   Thumb Code     2  startup_tm4c123.o(.text)
    PWM1_3_Handler                           0x00000403   Thumb Code     2  startup_tm4c123.o(.text)
    PWM1_FAULT_Handler                       0x00000405   Thumb Code     2  startup_tm4c123.o(.text)
    __user_initial_stackheap                 0x00000409   Thumb Code     0  startup_tm4c123.o(.text)
    __2sprintf                               0x00000429   Thumb Code    34  noretval__2sprintf.o(.text)
    __printf                                 0x00000451   Thumb Code   104  __printf.o(.text)
    atoi                                     0x000004b9   Thumb Code    26  atoi.o(.text)
    strncat                                  0x000004d3   Thumb Code    36  strncat.o(.text)
    __use_two_region_memory                  0x000004f7   Thumb Code     2  heapauxi.o(.text)
    __rt_heap_escrow$2region                 0x000004f9   Thumb Code     2  heapauxi.o(.text)
    __rt_heap_expand$2region                 0x000004fb   Thumb Code     2  heapauxi.o(.text)
    __aeabi_errno_addr                       0x000004fd   Thumb Code     8  rt_errno_addr_intlibspace.o(.text)
    __errno$intlibspace                      0x000004fd   Thumb Code     0  rt_errno_addr_intlibspace.o(.text)
    __rt_errno_addr$intlibspace              0x000004fd   Thumb Code     0  rt_errno_addr_intlibspace.o(.text)
    __read_errno                             0x00000505   Thumb Code    10  _rserrno.o(.text)
    __set_errno                              0x0000050f   Thumb Code    12  _rserrno.o(.text)
    _printf_fp_dec_real                      0x000006cb   Thumb Code   620  _printf_fp_dec.o(.text)
    _printf_char_common                      0x00000943   Thumb Code    32  _printf_char_common.o(.text)
    _sputc                                   0x00000969   Thumb Code    10  _sputc.o(.text)
    __strtod_int                             0x000009b9   Thumb Code    94  strtod.o(.text)
    strtol                                   0x00000a25   Thumb Code   112  strtol.o(.text)
    __user_libspace                          0x00000a95   Thumb Code     8  libspace.o(.text)
    __user_perproc_libspace                  0x00000a95   Thumb Code     0  libspace.o(.text)
    __user_perthread_libspace                0x00000a95   Thumb Code     0  libspace.o(.text)
    __rt_ctype_table                         0x00000a9d   Thumb Code    16  rt_ctype_table.o(.text)
    __rt_locale                              0x00000aad   Thumb Code     8  rt_locale_intlibspace.o(.text)
    _ll_udiv10                               0x00000ab5   Thumb Code   138  lludiv10.o(.text)
    isspace                                  0x00000b3f   Thumb Code    18  isspace.o(.text)
    _printf_fp_infnan                        0x00000b51   Thumb Code   112  _printf_fp_infnan.o(.text)
    _sgetc                                   0x00000bd1   Thumb Code    30  _sgetc.o(.text)
    _sbackspace                              0x00000bef   Thumb Code    34  _sgetc.o(.text)
    _strtoul                                 0x00000c11   Thumb Code   158  _strtoul.o(.text)
    _btod_etento                             0x00000cb1   Thumb Code   224  bigflt0.o(.text)
    __user_setup_stackheap                   0x00000d95   Thumb Code    74  sys_stackheap_outer.o(.text)
    _chval                                   0x00000ddf   Thumb Code    28  _chval.o(.text)
    _scanf_really_real                       0x00001049   Thumb Code   684  scanf_fp.o(.text)
    exit                                     0x000012f5   Thumb Code    18  exit.o(.text)
    strcmp                                   0x00001309   Thumb Code   124  strcmpv7em.o(.text)
    __aeabi_llsl                             0x00001385   Thumb Code     0  llshl.o(.text)
    _ll_shift_l                              0x00001385   Thumb Code    38  llshl.o(.text)
    _scanf_really_hex_real                   0x000013ad   Thumb Code   786  scanf_hexfp.o(.text)
    _scanf_really_infnan                     0x000016cd   Thumb Code   292  scanf_infnan.o(.text)
    _sys_exit                                0x00001801   Thumb Code     8  sys_exit.o(.text)
    __I$use$semihosting                      0x0000180d   Thumb Code     0  use_no_semi.o(.text)
    __use_no_semihosting_swi                 0x0000180d   Thumb Code     2  use_no_semi.o(.text)
    __semihosting_library_function           0x0000180f   Thumb Code     0  indicate_semi.o(.text)
    Change_Password                          0x00001811   Thumb Code   132  main.o(.text.Change_Password)
    Flash_Enable                             0x000018a5   Thumb Code    38  flash.o(.text.Flash_Enable)
    Flash_Read                               0x000018cd   Thumb Code    30  flash.o(.text.Flash_Read)
    Flash_Write                              0x000018ed   Thumb Code   146  flash.o(.text.Flash_Write)
    LCD_clear                                0x00001981   Thumb Code   168  lcd.o(.text.LCD_clear)
    LCD_erase                                0x00001a29   Thumb Code   242  lcd.o(.text.LCD_erase)
    LCD_init                                 0x00001b1d   Thumb Code   566  lcd.o(.text.LCD_init)
    LCD_port_init                            0x00001d55   Thumb Code   152  lcd.o(.text.LCD_port_init)
    LCD_print_string                         0x00001ded   Thumb Code   318  lcd.o(.text.LCD_print_string)
    LCD_set_xy                               0x00001f2d   Thumb Code   124  lcd.o(.text.LCD_set_xy)
    LCD_write_data                           0x00001fa9   Thumb Code   110  lcd.o(.text.LCD_write_data)
    PLL_Init                                 0x00002019   Thumb Code   296  pll.o(.text.PLL_Init)
    SysTick_Init                             0x00002141   Thumb Code    26  pll.o(.text.SysTick_Init)
    SysTick_Wait_ms                          0x0000215d   Thumb Code    36  pll.o(.text.SysTick_Wait_ms)
    SysTick_Wait_us                          0x00002181   Thumb Code    36  pll.o(.text.SysTick_Wait_us)
    SystemInit                               0x000021a5   Thumb Code   112  system_tm4c123.o(.text.SystemInit)
    calculation                              0x00002215   Thumb Code   404  main.o(.text.calculation)
    check_password                           0x000023ad   Thumb Code   368  main.o(.text.check_password)
    key_init                                 0x00002571   Thumb Code   180  keypad.o(.text.key_init)
    key_scan                                 0x00002625   Thumb Code   148  keypad.o(.text.key_scan)
    main                                     0x000026c9   Thumb Code   278  main.o(.text.main)
    process_input                            0x000027e1   Thumb Code   546  main.o(.text.process_input)
    _btod_d2e                                0x00002a03   Thumb Code    62  btod.o(CL$$btod_d2e)
    _d2e_denorm_low                          0x00002a41   Thumb Code    70  btod.o(CL$$btod_d2e_denorm_low)
    _d2e_norm_op1                            0x00002a87   Thumb Code    96  btod.o(CL$$btod_d2e_norm_op1)
    __btod_div_common                        0x00002ae9   Thumb Code   696  btod.o(CL$$btod_div_common)
    _e2d                                     0x00002e21   Thumb Code   122  btod.o(CL$$btod_e2d)
    _e2e                                     0x00002ea5   Thumb Code   220  btod.o(CL$$btod_e2e)
    _btod_ediv                               0x00002f81   Thumb Code    42  btod.o(CL$$btod_ediv)
    _btod_edivd                              0x00002fab   Thumb Code    42  btod.o(CL$$btod_edivd)
    _btod_emul                               0x00002fd5   Thumb Code    42  btod.o(CL$$btod_emul)
    _btod_emuld                              0x00002fff   Thumb Code    42  btod.o(CL$$btod_emuld)
    __btod_mult_common                       0x00003029   Thumb Code   580  btod.o(CL$$btod_mult_common)
    __ARM_fpclassify                         0x0000326d   Thumb Code    48  fpclassify.o(i.__ARM_fpclassify)
    __hardfp___mathlib_tofloat               0x000032a1   Thumb Code   232  narrow.o(i.__hardfp___mathlib_tofloat)
    __hardfp_atof                            0x00003399   Thumb Code    46  atof.o(i.__hardfp_atof)
    __hardfp_ldexp                           0x000033d1   Thumb Code   200  ldexp.o(i.__hardfp_ldexp)
    __mathlib_dbl_overflow                   0x000034a1   Thumb Code    24  dunder.o(i.__mathlib_dbl_overflow)
    __mathlib_dbl_underflow                  0x000034c1   Thumb Code    24  dunder.o(i.__mathlib_dbl_underflow)
    __mathlib_narrow                         0x000034e1   Thumb Code    18  narrow.o(i.__mathlib_narrow)
    __support_ldexp                          0x000034f3   Thumb Code    20  ldexp.o(i.__support_ldexp)
    _is_digit                                0x00003507   Thumb Code    14  __printf_wp.o(i._is_digit)
    frexp                                    0x00003519   Thumb Code   118  frexp.o(i.frexp)
    _get_lc_numeric                          0x000035a5   Thumb Code    44  lc_numeric_c.o(locale$$code)
    _get_lc_ctype                            0x000035d1   Thumb Code    44  lc_ctype_c.o(locale$$code)
    __aeabi_d2f                              0x000035fd   Thumb Code     0  d2f.o(x$fpl$d2f)
    _d2f                                     0x000035fd   Thumb Code    98  d2f.o(x$fpl$d2f)
    __fpl_dcheck_NaN1                        0x00003661   Thumb Code    10  dcheck1.o(x$fpl$dcheck1)
    __fpl_dcmp_Inf                           0x00003671   Thumb Code    24  dcmpi.o(x$fpl$dcmpinf)
    __aeabi_ddiv                             0x00003689   Thumb Code     0  ddiv.o(x$fpl$ddiv)
    _ddiv                                    0x00003689   Thumb Code   556  ddiv.o(x$fpl$ddiv)
    __aeabi_cdcmpeq                          0x0000393d   Thumb Code     0  deqf.o(x$fpl$deqf)
    _dcmpeq                                  0x0000393d   Thumb Code   120  deqf.o(x$fpl$deqf)
    __aeabi_d2iz                             0x000039b5   Thumb Code     0  dfix.o(x$fpl$dfix)
    _dfix                                    0x000039b5   Thumb Code    94  dfix.o(x$fpl$dfix)
    __aeabi_ui2d                             0x00003a13   Thumb Code     0  dflt_clz.o(x$fpl$dfltu)
    _dfltu                                   0x00003a13   Thumb Code    38  dflt_clz.o(x$fpl$dfltu)
    __aeabi_cdcmple                          0x00003a39   Thumb Code     0  dleqf.o(x$fpl$dleqf)
    _dcmple                                  0x00003a39   Thumb Code   120  dleqf.o(x$fpl$dleqf)
    __fpl_dcmple_InfNaN                      0x00003a9b   Thumb Code     0  dleqf.o(x$fpl$dleqf)
    __aeabi_dmul                             0x00003ab1   Thumb Code     0  dmul.o(x$fpl$dmul)
    _dmul                                    0x00003ab1   Thumb Code   332  dmul.o(x$fpl$dmul)
    __fpl_dnaninf                            0x00003c05   Thumb Code   156  dnaninf.o(x$fpl$dnaninf)
    __fpl_dretinf                            0x00003ca1   Thumb Code    12  dretinf.o(x$fpl$dretinf)
    __aeabi_cdrcmple                         0x00003cad   Thumb Code     0  drleqf.o(x$fpl$drleqf)
    _drcmple                                 0x00003cad   Thumb Code   108  drleqf.o(x$fpl$drleqf)
    __aeabi_f2d                              0x00003d19   Thumb Code     0  f2d.o(x$fpl$f2d)
    _f2d                                     0x00003d19   Thumb Code    86  f2d.o(x$fpl$f2d)
    __fpl_fnaninf                            0x00003d6f   Thumb Code   140  fnaninf.o(x$fpl$fnaninf)
    _fp_init                                 0x00003dfb   Thumb Code    26  fpinit.o(x$fpl$fpinit)
    __fplib_config_fpu_vfp                   0x00003e13   Thumb Code     0  fpinit.o(x$fpl$fpinit)
    __fplib_config_pureend_doubles           0x00003e13   Thumb Code     0  fpinit.o(x$fpl$fpinit)
    __fpl_fretinf                            0x00003e15   Thumb Code    10  fretinf.o(x$fpl$fretinf)
    __ieee_status                            0x00003e1f   Thumb Code     6  istatus.o(x$fpl$ieeestatus)
    _printf_fp_dec                           0x00003e25   Thumb Code     4  printf1.o(x$fpl$printf1)
    __fpl_return_NaN                         0x00003e29   Thumb Code   100  retnan.o(x$fpl$retnan)
    __ARM_scalbn                             0x00003e8d   Thumb Code    92  scalbn.o(x$fpl$scalbn)
    _scanf_real                              0x00003ee9   Thumb Code     4  scanf1.o(x$fpl$scanf1)
    _scanf_hex_real                          0x00003eed   Thumb Code     4  scanf2.o(x$fpl$scanf2)
    _scanf_infnan                            0x00003ef1   Thumb Code     4  scanf2.o(x$fpl$scanf2)
    __fpl_cmpreturn                          0x00003ef5   Thumb Code    48  trapv.o(x$fpl$trapveneer)
    __I$use$fp                               0x00003f24   Number         0  usenofp.o(x$fpl$usenofp)
    Region$$Table$$Base                      0x00003fb8   Number         0  anon$$obj.o(Region$$Table)
    Region$$Table$$Limit                     0x00003fc8   Number         0  anon$$obj.o(Region$$Table)
    __aeabi_HUGE_VAL                         0x00003fc8   Data           0  fpconst.o(c$$dinf)
    __aeabi_HUGE_VALL                        0x00003fc8   Data           0  fpconst.o(c$$dinf)
    __aeabi_INFINITY                         0x00003fc8   Data           0  fpconst.o(c$$dinf)
    __dInf                                   0x00003fc8   Data           0  fpconst.o(c$$dinf)
    __huge_val                               0x00003fc8   Data           0  fpconst.o(c$$dinf)
    __dbl_max                                0x00003fd0   Data           0  fpconst.o(c$$dmax)
    __ctype                                  0x00004001   Data           0  lc_ctype_c.o(locale$$data)
    __libspace_start                         0x20000000   Data          96  libspace.o(.bss)
    ANSWER                                   0x20000060   Data           4  main.o(.bss.ANSWER)
    __temporary_stack_top$libspace           0x20000060   Data           0  libspace.o(.bss)
    NUMBER                                   0x20000064   Data           6  main.o(.bss.NUMBER)
    NUMBERS                                  0x2000006c   Data          20  main.o(.bss.NUMBERS)
    OPERAND                                  0x20000080   Data           4  main.o(.bss.OPERAND)
    PRIORITY                                 0x20000084   Data          16  main.o(.bss.PRIORITY)
    TPC                                      0x20000098   Data           8  pll.o(.bss.TPC)
    current_c                                0x200000a0   Data           1  main.o(.bss.current_c)
    index_number                             0x200000a4   Data           4  main.o(.bss.index_number)
    index_numbers                            0x200000a8   Data           4  main.o(.bss.index_numbers)
    index_operand                            0x200000ac   Data           4  main.o(.bss.index_operand)
    ms_cycle                                 0x200000b0   Data           4  pll.o(.bss.ms_cycle)
    ms_cycled                                0x200000b8   Data           8  pll.o(.bss.ms_cycled)
    n                                        0x200000c0   Data           4  pll.o(.bss.n)
    password_int                             0x200000c4   Data           4  main.o(.bss.password_int)
    password_string                          0x200000c8   Data          10  main.o(.bss.password_string)
    shifted                                  0x200000d4   Data           4  main.o(.bss.shifted)
    us_cycle                                 0x200000d8   Data           4  pll.o(.bss.us_cycle)
    us_cycled                                0x200000e0   Data           8  pll.o(.bss.us_cycled)



==============================================================================

Memory Map of the image

  Image Entry point : 0x00000315

  Load Region LR_1 (Base: 0x00000000, Size: 0x00004104, Max: 0xffffffff, ABSOLUTE)

    Execution Region ER_RO (Exec base: 0x00000000, Load base: 0x00000000, Size: 0x00004104, Max: 0xffffffff, ABSOLUTE)

    Exec Addr    Load Addr    Size         Type   Attr      Idx    E Section Name        Object

    0x00000000   0x00000000   0x0000026c   Data   RO          133    RESET               startup_tm4c123.o
    0x0000026c   0x0000026c   0x00000008   Code   RO          190  * !!!main             c_w.l(__main.o)
    0x00000274   0x00000274   0x00000034   Code   RO          561    !!!scatter          c_w.l(__scatter.o)
    0x000002a8   0x000002a8   0x0000001c   Code   RO          563    !!handler_zi        c_w.l(__scatter_zi.o)
    0x000002c4   0x000002c4   0x00000000   Code   RO          183    .ARM.Collect$$_printf_percent$$00000000  c_w.l(_printf_percent.o)
    0x000002c4   0x000002c4   0x00000006   Code   RO          182    .ARM.Collect$$_printf_percent$$00000003  c_w.l(_printf_f.o)
    0x000002ca   0x000002ca   0x00000004   Code   RO          236    .ARM.Collect$$_printf_percent$$00000017  c_w.l(_printf_percent_end.o)
    0x000002ce   0x000002ce   0x00000002   Code   RO          345    .ARM.Collect$$libinit$$00000000  c_w.l(libinit.o)
    0x000002d0   0x000002d0   0x00000004   Code   RO          346    .ARM.Collect$$libinit$$00000001  c_w.l(libinit2.o)
    0x000002d4   0x000002d4   0x00000000   Code   RO          349    .ARM.Collect$$libinit$$00000004  c_w.l(libinit2.o)
    0x000002d4   0x000002d4   0x00000000   Code   RO          351    .ARM.Collect$$libinit$$00000006  c_w.l(libinit2.o)
    0x000002d4   0x000002d4   0x00000000   Code   RO          354    .ARM.Collect$$libinit$$0000000C  c_w.l(libinit2.o)
    0x000002d4   0x000002d4   0x00000000   Code   RO          356    .ARM.Collect$$libinit$$0000000E  c_w.l(libinit2.o)
    0x000002d4   0x000002d4   0x00000000   Code   RO          358    .ARM.Collect$$libinit$$00000010  c_w.l(libinit2.o)
    0x000002d4   0x000002d4   0x00000006   Code   RO          359    .ARM.Collect$$libinit$$00000011  c_w.l(libinit2.o)
    0x000002da   0x000002da   0x00000000   Code   RO          361    .ARM.Collect$$libinit$$00000013  c_w.l(libinit2.o)
    0x000002da   0x000002da   0x0000000c   Code   RO          362    .ARM.Collect$$libinit$$00000014  c_w.l(libinit2.o)
    0x000002e6   0x000002e6   0x00000000   Code   RO          363    .ARM.Collect$$libinit$$00000015  c_w.l(libinit2.o)
    0x000002e6   0x000002e6   0x00000000   Code   RO          365    .ARM.Collect$$libinit$$00000017  c_w.l(libinit2.o)
    0x000002e6   0x000002e6   0x0000000a   Code   RO          366    .ARM.Collect$$libinit$$00000018  c_w.l(libinit2.o)
    0x000002f0   0x000002f0   0x00000000   Code   RO          367    .ARM.Collect$$libinit$$00000019  c_w.l(libinit2.o)
    0x000002f0   0x000002f0   0x00000000   Code   RO          369    .ARM.Collect$$libinit$$0000001B  c_w.l(libinit2.o)
    0x000002f0   0x000002f0   0x00000000   Code   RO          371    .ARM.Collect$$libinit$$0000001D  c_w.l(libinit2.o)
    0x000002f0   0x000002f0   0x00000000   Code   RO          373    .ARM.Collect$$libinit$$0000001F  c_w.l(libinit2.o)
    0x000002f0   0x000002f0   0x00000000   Code   RO          375    .ARM.Collect$$libinit$$00000021  c_w.l(libinit2.o)
    0x000002f0   0x000002f0   0x00000000   Code   RO          377    .ARM.Collect$$libinit$$00000023  c_w.l(libinit2.o)
    0x000002f0   0x000002f0   0x00000000   Code   RO          379    .ARM.Collect$$libinit$$00000025  c_w.l(libinit2.o)
    0x000002f0   0x000002f0   0x00000000   Code   RO          381    .ARM.Collect$$libinit$$00000027  c_w.l(libinit2.o)
    0x000002f0   0x000002f0   0x00000000   Code   RO          385    .ARM.Collect$$libinit$$0000002E  c_w.l(libinit2.o)
    0x000002f0   0x000002f0   0x00000000   Code   RO          387    .ARM.Collect$$libinit$$00000030  c_w.l(libinit2.o)
    0x000002f0   0x000002f0   0x00000000   Code   RO          389    .ARM.Collect$$libinit$$00000032  c_w.l(libinit2.o)
    0x000002f0   0x000002f0   0x00000000   Code   RO          391    .ARM.Collect$$libinit$$00000034  c_w.l(libinit2.o)
    0x000002f0   0x000002f0   0x00000002   Code   RO          392    .ARM.Collect$$libinit$$00000035  c_w.l(libinit2.o)
    0x000002f2   0x000002f2   0x00000002   Code   RO          467    .ARM.Collect$$libshutdown$$00000000  c_w.l(libshutdown.o)
    0x000002f4   0x000002f4   0x00000000   Code   RO          490    .ARM.Collect$$libshutdown$$00000002  c_w.l(libshutdown2.o)
    0x000002f4   0x000002f4   0x00000000   Code   RO          492    .ARM.Collect$$libshutdown$$00000004  c_w.l(libshutdown2.o)
    0x000002f4   0x000002f4   0x00000000   Code   RO          495    .ARM.Collect$$libshutdown$$00000007  c_w.l(libshutdown2.o)
    0x000002f4   0x000002f4   0x00000000   Code   RO          498    .ARM.Collect$$libshutdown$$0000000A  c_w.l(libshutdown2.o)
    0x000002f4   0x000002f4   0x00000000   Code   RO          500    .ARM.Collect$$libshutdown$$0000000C  c_w.l(libshutdown2.o)
    0x000002f4   0x000002f4   0x00000000   Code   RO          503    .ARM.Collect$$libshutdown$$0000000F  c_w.l(libshutdown2.o)
    0x000002f4   0x000002f4   0x00000002   Code   RO          504    .ARM.Collect$$libshutdown$$00000010  c_w.l(libshutdown2.o)
    0x000002f6   0x000002f6   0x00000000   Code   RO          220    .ARM.Collect$$rtentry$$00000000  c_w.l(__rtentry.o)
    0x000002f6   0x000002f6   0x00000000   Code   RO          254    .ARM.Collect$$rtentry$$00000002  c_w.l(__rtentry2.o)
    0x000002f6   0x000002f6   0x00000006   Code   RO          266    .ARM.Collect$$rtentry$$00000004  c_w.l(__rtentry4.o)
    0x000002fc   0x000002fc   0x00000000   Code   RO          256    .ARM.Collect$$rtentry$$00000009  c_w.l(__rtentry2.o)
    0x000002fc   0x000002fc   0x00000004   Code   RO          257    .ARM.Collect$$rtentry$$0000000A  c_w.l(__rtentry2.o)
    0x00000300   0x00000300   0x00000000   Code   RO          259    .ARM.Collect$$rtentry$$0000000C  c_w.l(__rtentry2.o)
    0x00000300   0x00000300   0x00000008   Code   RO          260    .ARM.Collect$$rtentry$$0000000D  c_w.l(__rtentry2.o)
    0x00000308   0x00000308   0x00000002   Code   RO          393    .ARM.Collect$$rtexit$$00000000  c_w.l(rtexit.o)
    0x0000030a   0x0000030a   0x00000000   Code   RO          427    .ARM.Collect$$rtexit$$00000002  c_w.l(rtexit2.o)
    0x0000030a   0x0000030a   0x00000004   Code   RO          428    .ARM.Collect$$rtexit$$00000003  c_w.l(rtexit2.o)
    0x0000030e   0x0000030e   0x00000006   Code   RO          429    .ARM.Collect$$rtexit$$00000004  c_w.l(rtexit2.o)
    0x00000314   0x00000314   0x00000114   Code   RO          134  * .text               startup_tm4c123.o
    0x00000428   0x00000428   0x00000028   Code   RO          158    .text               c_w.l(noretval__2sprintf.o)
    0x00000450   0x00000450   0x00000068   Code   RO          160    .text               c_w.l(__printf.o)
    0x000004b8   0x000004b8   0x0000001a   Code   RO          184    .text               c_w.l(atoi.o)
    0x000004d2   0x000004d2   0x00000024   Code   RO          186    .text               c_w.l(strncat.o)
    0x000004f6   0x000004f6   0x00000006   Code   RO          188    .text               c_w.l(heapauxi.o)
    0x000004fc   0x000004fc   0x00000008   Code   RO          224    .text               c_w.l(rt_errno_addr_intlibspace.o)
    0x00000504   0x00000504   0x00000016   Code   RO          226    .text               c_w.l(_rserrno.o)
    0x0000051a   0x0000051a   0x0000041c   Code   RO          228    .text               c_w.l(_printf_fp_dec.o)
    0x00000936   0x00000936   0x00000002   PAD
    0x00000938   0x00000938   0x00000030   Code   RO          232    .text               c_w.l(_printf_char_common.o)
    0x00000968   0x00000968   0x0000000a   Code   RO          234    .text               c_w.l(_sputc.o)
    0x00000972   0x00000972   0x00000002   PAD
    0x00000974   0x00000974   0x000000b0   Code   RO          237    .text               c_w.l(strtod.o)
    0x00000a24   0x00000a24   0x00000070   Code   RO          239    .text               c_w.l(strtol.o)
    0x00000a94   0x00000a94   0x00000008   Code   RO          250    .text               c_w.l(libspace.o)
    0x00000a9c   0x00000a9c   0x00000010   Code   RO          268    .text               c_w.l(rt_ctype_table.o)
    0x00000aac   0x00000aac   0x00000008   Code   RO          273    .text               c_w.l(rt_locale_intlibspace.o)
    0x00000ab4   0x00000ab4   0x0000008a   Code   RO          275    .text               c_w.l(lludiv10.o)
    0x00000b3e   0x00000b3e   0x00000012   Code   RO          277    .text               c_w.l(isspace.o)
    0x00000b50   0x00000b50   0x00000080   Code   RO          279    .text               c_w.l(_printf_fp_infnan.o)
    0x00000bd0   0x00000bd0   0x00000040   Code   RO          283    .text               c_w.l(_sgetc.o)
    0x00000c10   0x00000c10   0x0000009e   Code   RO          285    .text               c_w.l(_strtoul.o)
    0x00000cae   0x00000cae   0x00000002   PAD
    0x00000cb0   0x00000cb0   0x000000e4   Code   RO          287    .text               c_w.l(bigflt0.o)
    0x00000d94   0x00000d94   0x0000004a   Code   RO          323    .text               c_w.l(sys_stackheap_outer.o)
    0x00000dde   0x00000dde   0x0000001c   Code   RO          325    .text               c_w.l(_chval.o)
    0x00000dfa   0x00000dfa   0x00000002   PAD
    0x00000dfc   0x00000dfc   0x000004f8   Code   RO          327    .text               c_w.l(scanf_fp.o)
    0x000012f4   0x000012f4   0x00000012   Code   RO          336    .text               c_w.l(exit.o)
    0x00001306   0x00001306   0x00000002   PAD
    0x00001308   0x00001308   0x0000007c   Code   RO          338    .text               c_w.l(strcmpv7em.o)
    0x00001384   0x00001384   0x00000026   Code   RO          395    .text               c_w.l(llshl.o)
    0x000013aa   0x000013aa   0x00000002   PAD
    0x000013ac   0x000013ac   0x00000320   Code   RO          433    .text               c_w.l(scanf_hexfp.o)
    0x000016cc   0x000016cc   0x00000134   Code   RO          435    .text               c_w.l(scanf_infnan.o)
    0x00001800   0x00001800   0x0000000c   Code   RO          453    .text               c_w.l(sys_exit.o)
    0x0000180c   0x0000180c   0x00000002   Code   RO          480    .text               c_w.l(use_no_semi.o)
    0x0000180e   0x0000180e   0x00000000   Code   RO          482    .text               c_w.l(indicate_semi.o)
    0x0000180e   0x0000180e   0x00000002   PAD
    0x00001810   0x00001810   0x00000094   Code   RO           88    .text.Change_Password  main.o
    0x000018a4   0x000018a4   0x00000026   Code   RO          115    .text.Flash_Enable  flash.o
    0x000018ca   0x000018ca   0x00000002   PAD
    0x000018cc   0x000018cc   0x0000001e   Code   RO          121    .text.Flash_Read    flash.o
    0x000018ea   0x000018ea   0x00000002   PAD
    0x000018ec   0x000018ec   0x00000092   Code   RO          119    .text.Flash_Write   flash.o
    0x0000197e   0x0000197e   0x00000002   PAD
    0x00001980   0x00001980   0x000000a8   Code   RO            4    .text.LCD_clear     lcd.o
    0x00001a28   0x00001a28   0x000000f2   Code   RO           22    .text.LCD_erase     lcd.o
    0x00001b1a   0x00001b1a   0x00000002   PAD
    0x00001b1c   0x00001b1c   0x00000236   Code   RO           18    .text.LCD_init      lcd.o
    0x00001d52   0x00001d52   0x00000002   PAD
    0x00001d54   0x00001d54   0x00000098   Code   RO            2    .text.LCD_port_init  lcd.o
    0x00001dec   0x00001dec   0x0000013e   Code   RO           16    .text.LCD_print_string  lcd.o
    0x00001f2a   0x00001f2a   0x00000002   PAD
    0x00001f2c   0x00001f2c   0x0000007c   Code   RO           12    .text.LCD_set_xy    lcd.o
    0x00001fa8   0x00001fa8   0x0000006e   Code   RO           10    .text.LCD_write_data  lcd.o
    0x00002016   0x00002016   0x00000002   PAD
    0x00002018   0x00002018   0x00000128   Code   RO           37    .text.PLL_Init      pll.o
    0x00002140   0x00002140   0x0000001a   Code   RO           35    .text.SysTick_Init  pll.o
    0x0000215a   0x0000215a   0x00000002   PAD
    0x0000215c   0x0000215c   0x00000024   Code   RO           41    .text.SysTick_Wait_ms  pll.o
    0x00002180   0x00002180   0x00000024   Code   RO           43    .text.SysTick_Wait_us  pll.o
    0x000021a4   0x000021a4   0x00000070   Code   RO          143    .text.SystemInit    system_tm4c123.o
    0x00002214   0x00002214   0x00000198   Code   RO           82    .text.calculation   main.o
    0x000023ac   0x000023ac   0x000001c4   Code   RO           78    .text.check_password  main.o
    0x00002570   0x00002570   0x000000b4   Code   RO           62    .text.key_init      keypad.o
    0x00002624   0x00002624   0x000000a4   Code   RO           64    .text.key_scan      keypad.o
    0x000026c8   0x000026c8   0x00000116   Code   RO           74    .text.main          main.o
    0x000027de   0x000027de   0x00000002   PAD
    0x000027e0   0x000027e0   0x00000222   Code   RO           80    .text.process_input  main.o
    0x00002a02   0x00002a02   0x0000003e   Code   RO          290    CL$$btod_d2e        c_w.l(btod.o)
    0x00002a40   0x00002a40   0x00000046   Code   RO          292    CL$$btod_d2e_denorm_low  c_w.l(btod.o)
    0x00002a86   0x00002a86   0x00000060   Code   RO          291    CL$$btod_d2e_norm_op1  c_w.l(btod.o)
    0x00002ae6   0x00002ae6   0x00000002   PAD
    0x00002ae8   0x00002ae8   0x00000338   Code   RO          300    CL$$btod_div_common  c_w.l(btod.o)
    0x00002e20   0x00002e20   0x00000084   Code   RO          298    CL$$btod_e2d        c_w.l(btod.o)
    0x00002ea4   0x00002ea4   0x000000dc   Code   RO          297    CL$$btod_e2e        c_w.l(btod.o)
    0x00002f80   0x00002f80   0x0000002a   Code   RO          294    CL$$btod_ediv       c_w.l(btod.o)
    0x00002faa   0x00002faa   0x0000002a   Code   RO          296    CL$$btod_edivd      c_w.l(btod.o)
    0x00002fd4   0x00002fd4   0x0000002a   Code   RO          293    CL$$btod_emul       c_w.l(btod.o)
    0x00002ffe   0x00002ffe   0x0000002a   Code   RO          295    CL$$btod_emuld      c_w.l(btod.o)
    0x00003028   0x00003028   0x00000244   Code   RO          299    CL$$btod_mult_common  c_w.l(btod.o)
    0x0000326c   0x0000326c   0x00000030   Code   RO          321    i.__ARM_fpclassify  m_wm.l(fpclassify.o)
    0x0000329c   0x0000329c   0x00000004   PAD
    0x000032a0   0x000032a0   0x000000f8   Code   RO          418    i.__hardfp___mathlib_tofloat  m_wm.l(narrow.o)
    0x00003398   0x00003398   0x00000038   Code   RO          214    i.__hardfp_atof     m_wm.l(atof.o)
    0x000033d0   0x000033d0   0x000000d0   Code   RO          472    i.__hardfp_ldexp    m_wm.l(ldexp.o)
    0x000034a0   0x000034a0   0x00000020   Code   RO          511    i.__mathlib_dbl_overflow  m_wm.l(dunder.o)
    0x000034c0   0x000034c0   0x00000020   Code   RO          513    i.__mathlib_dbl_underflow  m_wm.l(dunder.o)
    0x000034e0   0x000034e0   0x00000012   Code   RO          419    i.__mathlib_narrow  m_wm.l(narrow.o)
    0x000034f2   0x000034f2   0x00000014   Code   RO          474    i.__support_ldexp   m_wm.l(ldexp.o)
    0x00003506   0x00003506   0x0000000e   Code   RO          172    i._is_digit         c_w.l(__printf_wp.o)
    0x00003514   0x00003514   0x00000004   PAD
    0x00003518   0x00003518   0x0000008c   Code   RO          447    i.frexp             m_wm.l(frexp.o)
    0x000035a4   0x000035a4   0x0000002c   Code   RO          315    locale$$code        c_w.l(lc_numeric_c.o)
    0x000035d0   0x000035d0   0x0000002c   Code   RO          334    locale$$code        c_w.l(lc_ctype_c.o)
    0x000035fc   0x000035fc   0x00000062   Code   RO          192    x$fpl$d2f           fz_wm.l(d2f.o)
    0x0000365e   0x0000365e   0x00000002   PAD
    0x00003660   0x00003660   0x00000010   Code   RO          531    x$fpl$dcheck1       fz_wm.l(dcheck1.o)
    0x00003670   0x00003670   0x00000018   Code   RO          468    x$fpl$dcmpinf       fz_wm.l(dcmpi.o)
    0x00003688   0x00003688   0x000002b4   Code   RO          195    x$fpl$ddiv          fz_wm.l(ddiv.o)
    0x0000393c   0x0000393c   0x00000078   Code   RO          441    x$fpl$deqf          fz_wm.l(deqf.o)
    0x000039b4   0x000039b4   0x0000005e   Code   RO          198    x$fpl$dfix          fz_wm.l(dfix.o)
    0x00003a12   0x00003a12   0x00000026   Code   RO          202    x$fpl$dfltu         fz_wm.l(dflt_clz.o)
    0x00003a38   0x00003a38   0x00000078   Code   RO          470    x$fpl$dleqf         fz_wm.l(dleqf.o)
    0x00003ab0   0x00003ab0   0x00000154   Code   RO          208    x$fpl$dmul          fz_wm.l(dmul.o)
    0x00003c04   0x00003c04   0x0000009c   Code   RO          241    x$fpl$dnaninf       fz_wm.l(dnaninf.o)
    0x00003ca0   0x00003ca0   0x0000000c   Code   RO          243    x$fpl$dretinf       fz_wm.l(dretinf.o)
    0x00003cac   0x00003cac   0x0000006c   Code   RO          443    x$fpl$drleqf        fz_wm.l(drleqf.o)
    0x00003d18   0x00003d18   0x00000056   Code   RO          210    x$fpl$f2d           fz_wm.l(f2d.o)
    0x00003d6e   0x00003d6e   0x0000008c   Code   RO          245    x$fpl$fnaninf       fz_wm.l(fnaninf.o)
    0x00003dfa   0x00003dfa   0x0000001a   Code   RO          410    x$fpl$fpinit        fz_wm.l(fpinit.o)
    0x00003e14   0x00003e14   0x0000000a   Code   RO          247    x$fpl$fretinf       fz_wm.l(fretinf.o)
    0x00003e1e   0x00003e1e   0x00000006   Code   RO          317    x$fpl$ieeestatus    fz_wm.l(istatus.o)
    0x00003e24   0x00003e24   0x00000004   Code   RO          212    x$fpl$printf1       fz_wm.l(printf1.o)
    0x00003e28   0x00003e28   0x00000064   Code   RO          539    x$fpl$retnan        fz_wm.l(retnan.o)
    0x00003e8c   0x00003e8c   0x0000005c   Code   RO          505    x$fpl$scalbn        fz_wm.l(scalbn.o)
    0x00003ee8   0x00003ee8   0x00000004   Code   RO          319    x$fpl$scanf1        fz_wm.l(scanf1.o)
    0x00003eec   0x00003eec   0x00000008   Code   RO          412    x$fpl$scanf2        fz_wm.l(scanf2.o)
    0x00003ef4   0x00003ef4   0x00000030   Code   RO          557    x$fpl$trapveneer    fz_wm.l(trapv.o)
    0x00003f24   0x00003f24   0x00000000   Code   RO          249    x$fpl$usenofp       fz_wm.l(usenofp.o)
    0x00003f24   0x00003f24   0x00000094   Data   RO          288    .constdata          c_w.l(bigflt0.o)
    0x00003fb8   0x00003fb8   0x00000010   Data   RO          560    Region$$Table       anon$$obj.o
    0x00003fc8   0x00003fc8   0x00000008   Data   RO          406    c$$dinf             fz_wm.l(fpconst.o)
    0x00003fd0   0x00003fd0   0x00000008   Data   RO          409    c$$dmax             fz_wm.l(fpconst.o)
    0x00003fd8   0x00003fd8   0x0000001c   Data   RO          314    locale$$data        c_w.l(lc_numeric_c.o)
    0x00003ff4   0x00003ff4   0x00000110   Data   RO          333    locale$$data        c_w.l(lc_ctype_c.o)


    Execution Region ER_RW (Exec base: 0x20000000, Load base: 0x00004104, Size: 0x00000000, Max: 0xffffffff, ABSOLUTE)

    **** No section assigned to this execution region ****


    Execution Region ER_ZI (Exec base: 0x20000000, Load base: 0x00004104, Size: 0x000002e8, Max: 0xffffffff, ABSOLUTE)

    Exec Addr    Load Addr    Size         Type   Attr      Idx    E Section Name        Object

    0x20000000        -       0x00000060   Zero   RW          251    .bss                c_w.l(libspace.o)
    0x20000060        -       0x00000004   Zero   RW          103    .bss.ANSWER         main.o
    0x20000064        -       0x00000006   Zero   RW           96    .bss.NUMBER         main.o
    0x2000006a   0x00004104   0x00000002   PAD
    0x2000006c        -       0x00000014   Zero   RW          100    .bss.NUMBERS        main.o
    0x20000080        -       0x00000004   Zero   RW           98    .bss.OPERAND        main.o
    0x20000084        -       0x00000010   Zero   RW          102    .bss.PRIORITY       main.o
    0x20000094   0x00004104   0x00000004   PAD
    0x20000098        -       0x00000008   Zero   RW           48    .bss.TPC            pll.o
    0x200000a0        -       0x00000001   Zero   RW           95    .bss.current_c      main.o
    0x200000a1   0x00004104   0x00000001   PAD
    0x200000a2        -       0x00000002   Zero   RW          123    .bss.flashkey       flash.o
    0x200000a4        -       0x00000004   Zero   RW           97    .bss.index_number   main.o
    0x200000a8        -       0x00000004   Zero   RW          101    .bss.index_numbers  main.o
    0x200000ac        -       0x00000004   Zero   RW           99    .bss.index_operand  main.o
    0x200000b0        -       0x00000004   Zero   RW           50    .bss.ms_cycle       pll.o
    0x200000b4   0x00004104   0x00000004   PAD
    0x200000b8        -       0x00000008   Zero   RW           49    .bss.ms_cycled      pll.o
    0x200000c0        -       0x00000004   Zero   RW           47    .bss.n              pll.o
    0x200000c4        -       0x00000004   Zero   RW          105    .bss.password_int   main.o
    0x200000c8        -       0x0000000a   Zero   RW          104    .bss.password_string  main.o
    0x200000d2   0x00004104   0x00000002   PAD
    0x200000d4        -       0x00000004   Zero   RW           94    .bss.shifted        main.o
    0x200000d8        -       0x00000004   Zero   RW           52    .bss.us_cycle       pll.o
    0x200000dc   0x00004104   0x00000004   PAD
    0x200000e0        -       0x00000008   Zero   RW           51    .bss.us_cycled      pll.o
    0x200000e8        -       0x00000000   Zero   RW          132    HEAP                startup_tm4c123.o
    0x200000e8        -       0x00000200   Zero   RW          131    STACK               startup_tm4c123.o


==============================================================================

Image component sizes


      Code (inc. data)   RO Data    RW Data    ZI Data      Debug   Object Name

       214          0          0          0          2       1996   flash.o
       344         16          0          0          0       1093   keypad.o
      1680          0          0          0          0       6390   lcd.o
      1832        138          0          0         81       4394   main.o
       394         32          0          0         36       1530   pll.o
       276         24        620          0        512       5492   startup_tm4c123.o
       112          0          0          0          0       6435   system_tm4c123.o

    ----------------------------------------------------------------------
      4870        210        636          0        648      27330   Object Totals
         0          0         16          0          0          0   (incl. Generated)
        18          0          0          0         17          0   (incl. Padding)

    ----------------------------------------------------------------------

      Code (inc. data)   RO Data    RW Data    ZI Data      Debug   Library Member Name

         8          0          0          0          0         68   __main.o
       104          0          0          0          0         84   __printf.o
        14          0          0          0          0         68   __printf_wp.o
         0          0          0          0          0          0   __rtentry.o
        12          0          0          0          0          0   __rtentry2.o
         6          0          0          0          0          0   __rtentry4.o
        52          8          0          0          0          0   __scatter.o
        28          0          0          0          0          0   __scatter_zi.o
        28          0          0          0          0         68   _chval.o
        48          6          0          0          0         96   _printf_char_common.o
         6          0          0          0          0          0   _printf_f.o
      1052          0          0          0          0        148   _printf_fp_dec.o
       128         16          0          0          0         84   _printf_fp_infnan.o
         0          0          0          0          0          0   _printf_percent.o
         4          0          0          0          0          0   _printf_percent_end.o
        22          0          0          0          0        100   _rserrno.o
        64          0          0          0          0         84   _sgetc.o
        10          0          0          0          0         68   _sputc.o
       158          0          0          0          0         92   _strtoul.o
        26          0          0          0          0         80   atoi.o
       228          4        148          0          0         96   bigflt0.o
      2152        136          0          0          0        956   btod.o
        18          0          0          0          0         80   exit.o
         6          0          0          0          0        152   heapauxi.o
         0          0          0          0          0          0   indicate_semi.o
        18          0          0          0          0         76   isspace.o
        44         10        272          0          0         76   lc_ctype_c.o
        44         10         28          0          0         76   lc_numeric_c.o
         2          0          0          0          0          0   libinit.o
        34          0          0          0          0          0   libinit2.o
         2          0          0          0          0          0   libshutdown.o
         2          0          0          0          0          0   libshutdown2.o
         8          4          0          0         96         68   libspace.o
        38          0          0          0          0         68   llshl.o
       138          0          0          0          0         80   lludiv10.o
        40          6          0          0          0         84   noretval__2sprintf.o
        16          4          0          0          0         76   rt_ctype_table.o
         8          4          0          0          0         68   rt_errno_addr_intlibspace.o
         8          4          0          0          0         68   rt_locale_intlibspace.o
         2          0          0          0          0          0   rtexit.o
        10          0          0          0          0          0   rtexit2.o
      1272         16          0          0          0        168   scanf_fp.o
       800         14          0          0          0        100   scanf_hexfp.o
       308         16          0          0          0        100   scanf_infnan.o
       124          0          0          0          0         88   strcmpv7em.o
        36          0          0          0          0         76   strncat.o
       176         14          0          0          0        124   strtod.o
       112          0          0          0          0         88   strtol.o
        12          4          0          0          0         68   sys_exit.o
        74          0          0          0          0         80   sys_stackheap_outer.o
         2          0          0          0          0         68   use_no_semi.o
        98          4          0          0          0        140   d2f.o
        16          4          0          0          0        116   dcheck1.o
        24          0          0          0          0        116   dcmpi.o
       692        140          0          0          0        264   ddiv.o
       120          4          0          0          0        140   deqf.o
        94          4          0          0          0        140   dfix.o
        38          0          0          0          0        116   dflt_clz.o
       120          4          0          0          0        140   dleqf.o
       340         12          0          0          0        152   dmul.o
       156          4          0          0          0        140   dnaninf.o
        12          0          0          0          0        116   dretinf.o
       108          0          0          0          0        128   drleqf.o
        86          4          0          0          0        132   f2d.o
       140          4          0          0          0        132   fnaninf.o
         0          0         16          0          0          0   fpconst.o
        26          0          0          0          0        116   fpinit.o
        10          0          0          0          0        116   fretinf.o
         6          0          0          0          0        116   istatus.o
         4          0          0          0          0        116   printf1.o
       100          0          0          0          0        116   retnan.o
        92          0          0          0          0        116   scalbn.o
         4          0          0          0          0        116   scanf1.o
         8          0          0          0          0        132   scanf2.o
        48          0          0          0          0        116   trapv.o
         0          0          0          0          0          0   usenofp.o
        56         10          0          0          0        132   atof.o
        64         16          0          0          0        248   dunder.o
        48          0          0          0          0        124   fpclassify.o
       140         22          0          0          0        132   frexp.o
       228          8          0          0          0        308   ldexp.o
       266         16          0          0          0        308   narrow.o

    ----------------------------------------------------------------------
     10674        532        464          0         96       8308   Library Totals
        26          0          0          0          0          0   (incl. Padding)

    ----------------------------------------------------------------------

      Code (inc. data)   RO Data    RW Data    ZI Data      Debug   Library Name

      7504        276        448          0         96       4024   c_w.l
      2342        184         16          0          0       3032   fz_wm.l
       802         72          0          0          0       1252   m_wm.l

    ----------------------------------------------------------------------
     10674        532        464          0         96       8308   Library Totals

    ----------------------------------------------------------------------

==============================================================================


      Code (inc. data)   RO Data    RW Data    ZI Data      Debug   

     15544        742       1100          0        744      30286   Grand Totals
     15544        742       1100          0        744      30286   ELF Image Totals
     15544        742       1100          0          0          0   ROM Totals

==============================================================================

    Total RO  Size (Code + RO Data)                16644 (  16.25kB)
    Total RW  Size (RW Data + ZI Data)               744 (   0.73kB)
    Total ROM Size (Code + RO Data + RW Data)      16644 (  16.25kB)

==============================================================================

